15:30:06 **** Build of configuration Debug for project HAL_F411 ****
make -j20 all 
arm-none-eabi-gcc -o "HAL_F411.elf" @"objects.list"   -mcpu=cortex-m4 -T"E:\CODE\STM32_IDE\STM32_HAL\HAL_F411\STM32F411VETX_FLASH.ld" --specs=nosys.specs -Wl,-Map="HAL_F411.map" -Wl,--gc-sections -static --specs=nano.specs -mfpu=fpv4-sp-d16 -mfloat-abi=hard -mthumb -Wl,--start-group -lc -lm -Wl,--end-group
Finished building target: HAL_F411.elf
 
arm-none-eabi-size  HAL_F411.elf 
arm-none-eabi-objdump -h -S HAL_F411.elf  > "HAL_F411.list"
   text	   data	    bss	    dec	    hex	filename
   4748	     12	   1572	   6332	   18bc	HAL_F411.elf
Finished building: default.size.stdout
 
Finished building: HAL_F411.list
 
