14:59:51 **** Build of configuration Debug for project HAL_F103C8 ****
make -j20 all 
arm-none-eabi-gcc -o "HAL_F103C8.elf" @"objects.list"   -mcpu=cortex-m3 -T"E:\CODE\STM32_IDE\STM32_HAL\HAL_F103C8\STM32F103C6TX_FLASH.ld" --specs=nosys.specs -Wl,-Map="HAL_F103C8.map" -Wl,--gc-sections -static --specs=nano.specs -mfloat-abi=soft -mthumb -Wl,--start-group -lc -lm -Wl,--end-group
Finished building target: HAL_F103C8.elf
 
arm-none-eabi-size  HAL_F103C8.elf 
arm-none-eabi-objdump -h -S HAL_F103C8.elf  > "HAL_F103C8.list"
   text	   data	    bss	    dec	    hex	filename
   3512	     12	   1572	   5096	   13e8	HAL_F103C8.elf
Finished building: default.size.stdout
 
Finished building: HAL_F103C8.list
 

14:59:53 Build Finished. 0 errors, 0 warnings. (took 1s.193ms)

