main.c:11:6:UART1_INIT	40	static
main.c:43:6:UART_SEND	24	static
main.c:52:6:my_printf	152	static
main.c:101:6:CS_LOW	16	static
main.c:106:6:CS_HIGH	16	static
main.c:112:6:SPI_INIT	40	static
main.c:147:9:SPI_Transfer	32	static
main.c:164:6:SPI_Write_I3G4250D	16	static
main.c:172:9:SPI_Read_I3G4250D	24	static
main.c:182:6:SPI1_Read_multiByte	32	static
main.c:192:6:I3G4250D_ReadXYZ	40	static
main.c:205:6:RawToDps	24	static
main.c:213:6:Raw_to_DPS_FIFO	32	static
main.c:221:12:I3G_DataReady_poll	16	static
main.c:229:6:I3G4250D_FIFO_Enable_Stream_With_Watermark	24	static
main.c:249:6:I3G_Enable_HPF	8	static
main.c:260:6:I3G_Enable_THUS_DUR	24	static
main.c:298:6:I3G4250D_Init	16	static,ignoring_inline_asm
main.c:332:6:EXTI0_Init	32	static
main.c:356:6:EXTI1_Init	32	static
main.c:381:6:EXTI0_IRQHandler	16	static
main.c:394:6:EXTI1_IRQHandler	32	static,ignoring_inline_asm
main.c:434:5:main	16	static
