Archive member included to satisfy reference by file (symbol)

c:/st/stm32cubeide_1.6.1/stm32cubeide/plugins/com.st.stm32cube.ide.mcu.externaltools.gnu-tools-for-stm32.9-2020-q2-update.win32_1.5.0.202011040924/tools/bin/../lib/gcc/arm-none-eabi/9.3.1/../../../../arm-none-eabi/lib/thumb/v7e-m+fp/hard\libc_nano.a(lib_a-errno.o)
                              Core/Src/syscalls.o (__errno)
c:/st/stm32cubeide_1.6.1/stm32cubeide/plugins/com.st.stm32cube.ide.mcu.externaltools.gnu-tools-for-stm32.9-2020-q2-update.win32_1.5.0.202011040924/tools/bin/../lib/gcc/arm-none-eabi/9.3.1/../../../../arm-none-eabi/lib/thumb/v7e-m+fp/hard\libc_nano.a(lib_a-exit.o)
                              c:/st/stm32cubeide_1.6.1/stm32cubeide/plugins/com.st.stm32cube.ide.mcu.externaltools.gnu-tools-for-stm32.9-2020-q2-update.win32_1.5.0.202011040924/tools/bin/../lib/gcc/arm-none-eabi/9.3.1/../../../../arm-none-eabi/lib/thumb/v7e-m+fp/hard/crt0.o (exit)
c:/st/stm32cubeide_1.6.1/stm32cubeide/plugins/com.st.stm32cube.ide.mcu.externaltools.gnu-tools-for-stm32.9-2020-q2-update.win32_1.5.0.202011040924/tools/bin/../lib/gcc/arm-none-eabi/9.3.1/../../../../arm-none-eabi/lib/thumb/v7e-m+fp/hard\libc_nano.a(lib_a-impure.o)
                              c:/st/stm32cubeide_1.6.1/stm32cubeide/plugins/com.st.stm32cube.ide.mcu.externaltools.gnu-tools-for-stm32.9-2020-q2-update.win32_1.5.0.202011040924/tools/bin/../lib/gcc/arm-none-eabi/9.3.1/../../../../arm-none-eabi/lib/thumb/v7e-m+fp/hard\libc_nano.a(lib_a-exit.o) (_global_impure_ptr)
c:/st/stm32cubeide_1.6.1/stm32cubeide/plugins/com.st.stm32cube.ide.mcu.externaltools.gnu-tools-for-stm32.9-2020-q2-update.win32_1.5.0.202011040924/tools/bin/../lib/gcc/arm-none-eabi/9.3.1/../../../../arm-none-eabi/lib/thumb/v7e-m+fp/hard\libc_nano.a(lib_a-init.o)
                              c:/st/stm32cubeide_1.6.1/stm32cubeide/plugins/com.st.stm32cube.ide.mcu.externaltools.gnu-tools-for-stm32.9-2020-q2-update.win32_1.5.0.202011040924/tools/bin/../lib/gcc/arm-none-eabi/9.3.1/../../../../arm-none-eabi/lib/thumb/v7e-m+fp/hard/crt0.o (__libc_init_array)
c:/st/stm32cubeide_1.6.1/stm32cubeide/plugins/com.st.stm32cube.ide.mcu.externaltools.gnu-tools-for-stm32.9-2020-q2-update.win32_1.5.0.202011040924/tools/bin/../lib/gcc/arm-none-eabi/9.3.1/../../../../arm-none-eabi/lib/thumb/v7e-m+fp/hard\libc_nano.a(lib_a-memset.o)
                              c:/st/stm32cubeide_1.6.1/stm32cubeide/plugins/com.st.stm32cube.ide.mcu.externaltools.gnu-tools-for-stm32.9-2020-q2-update.win32_1.5.0.202011040924/tools/bin/../lib/gcc/arm-none-eabi/9.3.1/../../../../arm-none-eabi/lib/thumb/v7e-m+fp/hard/crt0.o (memset)
c:/st/stm32cubeide_1.6.1/stm32cubeide/plugins/com.st.stm32cube.ide.mcu.externaltools.gnu-tools-for-stm32.9-2020-q2-update.win32_1.5.0.202011040924/tools/bin/../lib/gcc/arm-none-eabi/9.3.1/../../../../arm-none-eabi/lib/thumb/v7e-m+fp/hard\libc_nano.a(lib_a-strlen.o)
                              Core/Src/main.o (strlen)
c:/st/stm32cubeide_1.6.1/stm32cubeide/plugins/com.st.stm32cube.ide.mcu.externaltools.gnu-tools-for-stm32.9-2020-q2-update.win32_1.5.0.202011040924/tools/bin/../lib/gcc/arm-none-eabi/9.3.1/../../../../arm-none-eabi/lib/thumb/v7e-m+fp/hard\libc_nano.a(lib_a-vsprintf.o)
                              Core/Src/main.o (vsprintf)
c:/st/stm32cubeide_1.6.1/stm32cubeide/plugins/com.st.stm32cube.ide.mcu.externaltools.gnu-tools-for-stm32.9-2020-q2-update.win32_1.5.0.202011040924/tools/bin/../lib/gcc/arm-none-eabi/9.3.1/../../../../arm-none-eabi/lib/thumb/v7e-m+fp/hard\libc_nano.a(lib_a-nano-svfprintf.o)
                              c:/st/stm32cubeide_1.6.1/stm32cubeide/plugins/com.st.stm32cube.ide.mcu.externaltools.gnu-tools-for-stm32.9-2020-q2-update.win32_1.5.0.202011040924/tools/bin/../lib/gcc/arm-none-eabi/9.3.1/../../../../arm-none-eabi/lib/thumb/v7e-m+fp/hard\libc_nano.a(lib_a-vsprintf.o) (_svfprintf_r)
c:/st/stm32cubeide_1.6.1/stm32cubeide/plugins/com.st.stm32cube.ide.mcu.externaltools.gnu-tools-for-stm32.9-2020-q2-update.win32_1.5.0.202011040924/tools/bin/../lib/gcc/arm-none-eabi/9.3.1/../../../../arm-none-eabi/lib/thumb/v7e-m+fp/hard\libc_nano.a(lib_a-nano-vfprintf_i.o)
                              c:/st/stm32cubeide_1.6.1/stm32cubeide/plugins/com.st.stm32cube.ide.mcu.externaltools.gnu-tools-for-stm32.9-2020-q2-update.win32_1.5.0.202011040924/tools/bin/../lib/gcc/arm-none-eabi/9.3.1/../../../../arm-none-eabi/lib/thumb/v7e-m+fp/hard\libc_nano.a(lib_a-nano-svfprintf.o) (_printf_i)
c:/st/stm32cubeide_1.6.1/stm32cubeide/plugins/com.st.stm32cube.ide.mcu.externaltools.gnu-tools-for-stm32.9-2020-q2-update.win32_1.5.0.202011040924/tools/bin/../lib/gcc/arm-none-eabi/9.3.1/../../../../arm-none-eabi/lib/thumb/v7e-m+fp/hard\libc_nano.a(lib_a-memchr.o)
[...]
Memory Configuration

Name             Origin             Length             Attributes
RAM              0x0000000020000000 0x0000000000020000 xrw
FLASH            0x0000000008000000 0x0000000000080000 xr
*default*        0x0000000000000000 0xffffffffffffffff

Linker script and memory map

LOAD c:/st/stm32cubeide_1.6.1/stm32cubeide/plugins/com.st.stm32cube.ide.mcu.externaltools.gnu-tools-for-stm32.9-2020-q2-update.win32_1.5.0.202011040924/tools/bin/../lib/gcc/arm-none-eabi/9.3.1/thumb/v7e-m+fp/hard/crti.o
LOAD c:/st/stm32cubeide_1.6.1/stm32cubeide/plugins/com.st.stm32cube.ide.mcu.externaltools.gnu-tools-for-stm32.9-2020-q2-update.win32_1.5.0.202011040924/tools/bin/../lib/gcc/arm-none-eabi/9.3.1/thumb/v7e-m+fp/hard/crtbegin.o
LOAD c:/st/stm32cubeide_1.6.1/stm32cubeide/plugins/com.st.stm32cube.ide.mcu.externaltools.gnu-tools-for-stm32.9-2020-q2-update.win32_1.5.0.202011040924/tools/bin/../lib/gcc/arm-none-eabi/9.3.1/../../../../arm-none-eabi/lib/thumb/v7e-m+fp/hard/crt0.o
LOAD Core/Src/main.o
LOAD Core/Src/stm32f4xx_hal_msp.o
LOAD Core/Src/stm32f4xx_it.o
LOAD Core/Src/syscalls.o
LOAD Core/Src/sysmem.o
LOAD Core/Src/system_stm32f4xx.o
LOAD Core/Startup/startup_stm32f411vetx.o
LOAD Drivers/STM32F4xx_HAL_Driver/Src/stm32f4xx_hal.o
LOAD Drivers/STM32F4xx_HAL_Driver/Src/stm32f4xx_hal_cortex.o
LOAD Drivers/STM32F4xx_HAL_Driver/Src/stm32f4xx_hal_dma.o
LOAD Drivers/STM32F4xx_HAL_Driver/Src/stm32f4xx_hal_dma_ex.o
LOAD Drivers/STM32F4xx_HAL_Driver/Src/stm32f4xx_hal_exti.o
LOAD Drivers/STM32F4xx_HAL_Driver/Src/stm32f4xx_hal_flash.o
LOAD Drivers/STM32F4xx_HAL_Driver/Src/stm32f4xx_hal_flash_ex.o
LOAD Drivers/STM32F4xx_HAL_Driver/Src/stm32f4xx_hal_flash_ramfunc.o
LOAD Drivers/STM32F4xx_HAL_Driver/Src/stm32f4xx_hal_gpio.o
LOAD Drivers/STM32F4xx_HAL_Driver/Src/stm32f4xx_hal_pwr.o
LOAD Drivers/STM32F4xx_HAL_Driver/Src/stm32f4xx_hal_pwr_ex.o
LOAD Drivers/STM32F4xx_HAL_Driver/Src/stm32f4xx_hal_rcc.o
LOAD Drivers/STM32F4xx_HAL_Driver/Src/stm32f4xx_hal_rcc_ex.o
LOAD Drivers/STM32F4xx_HAL_Driver/Src/stm32f4xx_hal_tim.o
LOAD Drivers/STM32F4xx_HAL_Driver/Src/stm32f4xx_hal_tim_ex.o
START GROUP
LOAD c:/st/stm32cubeide_1.6.1/stm32cubeide/plugins/com.st.stm32cube.ide.mcu.externaltools.gnu-tools-for-stm32.9-2020-q2-update.win32_1.5.0.202011040924/tools/bin/../lib/gcc/arm-none-eabi/9.3.1/../../../../arm-none-eabi/lib/thumb/v7e-m+fp/hard\libc_nano.a
LOAD c:/st/stm32cubeide_1.6.1/stm32cubeide/plugins/com.st.stm32cube.ide.mcu.externaltools.gnu-tools-for-stm32.9-2020-q2-update.win32_1.5.0.202011040924/tools/bin/../lib/gcc/arm-none-eabi/9.3.1/../../../../arm-none-eabi/lib/thumb/v7e-m+fp/hard\libm.a
END GROUP
START GROUP
LOAD c:/st/stm32cubeide_1.6.1/stm32cubeide/plugins/com.st.stm32cube.ide.mcu.externaltools.gnu-tools-for-stm32.9-2020-q2-update.win32_1.5.0.202011040924/tools/bin/../lib/gcc/arm-none-eabi/9.3.1/thumb/v7e-m+fp/hard\libgcc.a
LOAD c:/st/stm32cubeide_1.6.1/stm32cubeide/plugins/com.st.stm32cube.ide.mcu.externaltools.gnu-tools-for-stm32.9-2020-q2-update.win32_1.5.0.202011040924/tools/bin/../lib/gcc/arm-none-eabi/9.3.1/../../../../arm-none-eabi/lib/thumb/v7e-m+fp/hard\libc_nano.a
END GROUP
START GROUP
LOAD c:/st/stm32cubeide_1.6.1/stm32cubeide/plugins/com.st.stm32cube.ide.mcu.externaltools.gnu-tools-for-stm32.9-2020-q2-update.win32_1.5.0.202011040924/tools/bin/../lib/gcc/arm-none-eabi/9.3.1/thumb/v7e-m+fp/hard\libgcc.a
LOAD c:/st/stm32cubeide_1.6.1/stm32cubeide/plugins/com.st.stm32cube.ide.mcu.externaltools.gnu-tools-for-stm32.9-2020-q2-update.win32_1.5.0.202011040924/tools/bin/../lib/gcc/arm-none-eabi/9.3.1/../../../../arm-none-eabi/lib/thumb/v7e-m+fp/hard\libc_nano.a
LOAD c:/st/stm32cubeide_1.6.1/stm32cubeide/plugins/com.st.stm32cube.ide.mcu.externaltools.gnu-tools-for-stm32.9-2020-q2-update.win32_1.5.0.202011040924/tools/bin/../lib/gcc/arm-none-eabi/9.3.1/../../../../arm-none-eabi/lib/thumb/v7e-m+fp/hard\libnosys.a
END GROUP
START GROUP
LOAD c:/st/stm32cubeide_1.6.1/stm32cubeide/plugins/com.st.stm32cube.ide.mcu.externaltools.gnu-tools-for-stm32.9-2020-q2-update.win32_1.5.0.202011040924/tools/bin/../lib/gcc/arm-none-eabi/9.3.1/thumb/v7e-m+fp/hard\libgcc.a
LOAD c:/st/stm32cubeide_1.6.1/stm32cubeide/plugins/com.st.stm32cube.ide.mcu.externaltools.gnu-tools-for-stm32.9-2020-q2-update.win32_1.5.0.202011040924/tools/bin/../lib/gcc/arm-none-eabi/9.3.1/../../../../arm-none-eabi/lib/thumb/v7e-m+fp/hard\libc_nano.a
LOAD c:/st/stm32cubeide_1.6.1/stm32cubeide/plugins/com.st.stm32cube.ide.mcu.externaltools.gnu-tools-for-stm32.9-2020-q2-update.win32_1.5.0.202011040924/tools/bin/../lib/gcc/arm-none-eabi/9.3.1/../../../../arm-none-eabi/lib/thumb/v7e-m+fp/hard\libnosys.a
END GROUP
LOAD c:/st/stm32cubeide_1.6.1/stm32cubeide/plugins/com.st.stm32cube.ide.mcu.externaltools.gnu-tools-for-stm32.9-2020-q2-update.win32_1.5.0.202011040924/tools/bin/../lib/gcc/arm-none-eabi/9.3.1/thumb/v7e-m+fp/hard/crtend.o
LOAD c:/st/stm32cubeide_1.6.1/stm32cubeide/plugins/com.st.stm32cube.ide.mcu.externaltools.gnu-tools-for-stm32.9-2020-q2-update.win32_1.5.0.202011040924/tools/bin/../lib/gcc/arm-none-eabi/9.3.1/thumb/v7e-m+fp/hard/crtn.o
                0x0000000020020000                _estack = (ORIGIN (RAM) + LENGTH (RAM))
                0x0000000000000200                _Min_Heap_Size = 0x200
                0x0000000000000400                _Min_Stack_Size = 0x400

.isr_vector     0x0000000008000000      0x198
                0x0000000008000000                . = ALIGN (0x4)
 *(.isr_vector)
 .isr_vector    0x0000000008000000      0x198 Core/Startup/startup_stm32f411vetx.o
                0x0000000008000000                g_pfnVectors
                0x0000000008000198                . = ALIGN (0x4)

.text           0x0000000008000198     0x15a4
                0x0000000008000198                . = ALIGN (0x4)
 *(.text)
 .text          0x0000000008000198       0x40 c:/st/stm32cubeide_1.6.1/stm32cubeide/plugins/com.st.stm32cube.ide.mcu.externaltools.gnu-tools-for-stm32.9-2020-q2-update.win32_1.5.0.202011040924/tools/bin/../lib/gcc/arm-none-eabi/9.3.1/thumb/v7e-m+fp/hard/crtbegin.o
 .text          0x00000000080001d8      0x378 c:/st/stm32cubeide_1.6.1/stm32cubeide/plugins/com.st.stm32cube.ide.mcu.externaltools.gnu-tools-for-stm32.9-2020-q2-update.win32_1.5.0.202011040924/tools/bin/../lib/gcc/arm-none-eabi/9.3.1/thumb/v7e-m+fp/hard\libgcc.a(_arm_addsubdf3.o)
                0x00000000080001d8                __aeabi_drsub
                0x00000000080001e0                __aeabi_dsub
                0x00000000080001e0                __subdf3
                0x00000000080001e4                __aeabi_dadd
                0x00000000080001e4                __adddf3
                0x000000000800045c                __floatunsidf
                0x000000000800045c                __aeabi_ui2d
                0x000000000800047c                __floatsidf
                0x000000000800047c                __aeabi_i2d
                0x00000000080004a0                __aeabi_f2d
                0x00000000080004a0                __extendsfdf2
                0x00000000080004e4                __floatundidf
                0x00000000080004e4                __aeabi_ul2d
                0x00000000080004f4                __floatdidf
                0x00000000080004f4                __aeabi_l2d
 .text          0x0000000008000550      0x424 c:/st/stm32cubeide_1.6.1/stm32cubeide/plugins/com.st.stm32cube.ide.mcu.externaltools.gnu-tools-for-stm32.9-2020-q2-update.win32_1.5.0.202011040924/tools/bin/../lib/gcc/arm-none-eabi/9.3.1/thumb/v7e-m+fp/hard\libgcc.a(_arm_muldivdf3.o)
                0x0000000008000550                __aeabi_dmul
                0x0000000008000550                __muldf3
                0x00000000080007a4                __divdf3
                0x00000000080007a4                __aeabi_ddiv
 .text          0x0000000008000974       0x50 c:/st/stm32cubeide_1.6.1/stm32cubeide/plugins/com.st.stm32cube.ide.mcu.externaltools.gnu-tools-for-stm32.9-2020-q2-update.win32_1.5.0.202011040924/tools/bin/../lib/gcc/arm-none-eabi/9.3.1/thumb/v7e-m+fp/hard\libgcc.a(_arm_fixdfsi.o)
                0x0000000008000974                __aeabi_d2iz
                0x0000000008000974                __fixdfsi
 *(.text*)
 .text.CS_LOW   0x00000000080009c4       0x28 Core/Src/main.o
                0x00000000080009c4                CS_LOW
 .text.CS_HIGH  0x00000000080009ec       0x28 Core/Src/main.o
                0x00000000080009ec                CS_HIGH
 .text.SPI_INIT
                0x0000000008000a14      0x12c Core/Src/main.o
                0x0000000008000a14                SPI_INIT
 .text.SPI_Transfer
                0x0000000008000b40       0x80 Core/Src/main.o
                0x0000000008000b40                SPI_Transfer
 .text.SPI_Write_I3G4250D
                0x0000000008000bc0       0x36 Core/Src/main.o
                0x0000000008000bc0                SPI_Write_I3G4250D
 .text.SPI_Read_I3G4250D
                0x0000000008000bf6       0x34 Core/Src/main.o
                0x0000000008000bf6                SPI_Read_I3G4250D
 .text.I3G4250D_ReadXYZ
                0x0000000008000c2a       0x80 Core/Src/main.o
                0x0000000008000c2a                I3G4250D_ReadXYZ
 *fill*         0x0000000008000caa        0x2 
 .text.RawToDps
                0x0000000008000cac       0xdc Core/Src/main.o
                0x0000000008000cac                RawToDps
 .text.Raw_to_DPS_FIFO
                0x0000000008000d88       0xac Core/Src/main.o
                0x0000000008000d88                Raw_to_DPS_FIFO
 .text.I3G_DataReady_poll
                0x0000000008000e34       0x22 Core/Src/main.o
 .text.I3G4250D_FIFO_Enable_Stream_With_Watermark
                0x0000000008000e56       0x64 Core/Src/main.o
                0x0000000008000e56                I3G4250D_FIFO_Enable_Stream_With_Watermark
 *fill*         0x0000000008000eba        0x2 
 .text.I3G_Enable_THUS_DUR
                0x0000000008000ebc       0xbc Core/Src/main.o
                0x0000000008000ebc                I3G_Enable_THUS_DUR
 .text.I3G4250D_Init
                0x0000000008000f78       0x70 Core/Src/main.o
                0x0000000008000f78                I3G4250D_Init
 .text.EXTI0_Init
                0x0000000008000fe8       0xa4 Core/Src/main.o
                0x0000000008000fe8                EXTI0_Init
 .text.EXTI1_Init
                0x000000000800108c       0xa4 Core/Src/main.o
                0x000000000800108c                EXTI1_Init
 .text.EXTI0_IRQHandler
                0x0000000008001130       0x38 Core/Src/main.o
                0x0000000008001130                EXTI0_IRQHandler
 .text.EXTI1_IRQHandler
                0x0000000008001168      0x148 Core/Src/main.o
                0x0000000008001168                EXTI1_IRQHandler
 .text.main     0x00000000080012b0       0x78 Core/Src/main.o
                0x00000000080012b0                main
 .text.HAL_MspInit
                0x0000000008001328       0x50 Core/Src/stm32f4xx_hal_msp.o
                0x0000000008001328                HAL_MspInit
 .text.NMI_Handler
                0x0000000008001378        0x6 Core/Src/stm32f4xx_it.o
                0x0000000008001378                NMI_Handler
 .text.HardFault_Handler
                0x000000000800137e        0x6 Core/Src/stm32f4xx_it.o
                0x000000000800137e                HardFault_Handler
 .text.MemManage_Handler
                0x0000000008001384        0x6 Core/Src/stm32f4xx_it.o
                0x0000000008001384                MemManage_Handler
 .text.BusFault_Handler
                0x000000000800138a        0x6 Core/Src/stm32f4xx_it.o
                0x000000000800138a                BusFault_Handler
 .text.UsageFault_Handler
                0x0000000008001390        0x6 Core/Src/stm32f4xx_it.o
                0x0000000008001390                UsageFault_Handler
 .text.SVC_Handler
                0x0000000008001396        0xe Core/Src/stm32f4xx_it.o
                0x0000000008001396                SVC_Handler
 .text.DebugMon_Handler
                0x00000000080013a4        0xe Core/Src/stm32f4xx_it.o
                0x00000000080013a4                DebugMon_Handler
 .text.PendSV_Handler
                0x00000000080013b2        0xe Core/Src/stm32f4xx_it.o
                0x00000000080013b2                PendSV_Handler
 .text.SysTick_Handler
                0x00000000080013c0        0xc Core/Src/stm32f4xx_it.o
                0x00000000080013c0                SysTick_Handler
 .text.SystemInit
                0x00000000080013cc       0x24 Core/Src/system_stm32f4xx.o
                0x00000000080013cc                SystemInit
 .text.Reset_Handler
                0x00000000080013f0       0x50 Core/Startup/startup_stm32f411vetx.o
                0x00000000080013f0                Reset_Handler
 .text.Default_Handler
                0x0000000008001440        0x2 Core/Startup/startup_stm32f411vetx.o
                0x0000000008001440                RTC_Alarm_IRQHandler
                0x0000000008001440                EXTI2_IRQHandler
                0x0000000008001440                SPI4_IRQHandler
                0x0000000008001440                TIM1_CC_IRQHandler
                0x0000000008001440                DMA2_Stream5_IRQHandler
                0x0000000008001440                DMA1_Stream5_IRQHandler
                0x0000000008001440                PVD_IRQHandler
                0x0000000008001440                SDIO_IRQHandler
                0x0000000008001440                TAMP_STAMP_IRQHandler
                0x0000000008001440                EXTI3_IRQHandler
                0x0000000008001440                TIM1_UP_TIM10_IRQHandler
                0x0000000008001440                I2C3_ER_IRQHandler
                0x0000000008001440                I2C2_EV_IRQHandler
                0x0000000008001440                DMA1_Stream2_IRQHandler
                0x0000000008001440                FPU_IRQHandler
                0x0000000008001440                DMA2_Stream2_IRQHandler
                0x0000000008001440                SPI1_IRQHandler
                0x0000000008001440                TIM1_BRK_TIM9_IRQHandler
                0x0000000008001440                DMA2_Stream3_IRQHandler
                0x0000000008001440                USART6_IRQHandler
                0x0000000008001440                DMA2_Stream0_IRQHandler
                0x0000000008001440                TIM4_IRQHandler
                0x0000000008001440                I2C1_EV_IRQHandler
                0x0000000008001440                DMA1_Stream6_IRQHandler
                0x0000000008001440                DMA1_Stream1_IRQHandler
                0x0000000008001440                TIM3_IRQHandler
                0x0000000008001440                RCC_IRQHandler
                0x0000000008001440                Default_Handler
                0x0000000008001440                EXTI15_10_IRQHandler
                0x0000000008001440                ADC_IRQHandler
                0x0000000008001440                DMA1_Stream7_IRQHandler
                0x0000000008001440                SPI5_IRQHandler
                0x0000000008001440                TIM5_IRQHandler
                0x0000000008001440                DMA2_Stream7_IRQHandler
                0x0000000008001440                I2C3_EV_IRQHandler
                0x0000000008001440                EXTI9_5_IRQHandler
                0x0000000008001440                RTC_WKUP_IRQHandler
                0x0000000008001440                SPI2_IRQHandler
                0x0000000008001440                DMA1_Stream0_IRQHandler
                0x0000000008001440                EXTI4_IRQHandler
                0x0000000008001440                WWDG_IRQHandler
                0x0000000008001440                TIM2_IRQHandler
                0x0000000008001440                OTG_FS_WKUP_IRQHandler
                0x0000000008001440                TIM1_TRG_COM_TIM11_IRQHandler
                0x0000000008001440                USART2_IRQHandler
                0x0000000008001440                I2C2_ER_IRQHandler
                0x0000000008001440                DMA2_Stream1_IRQHandler
                0x0000000008001440                FLASH_IRQHandler
                0x0000000008001440                DMA2_Stream4_IRQHandler
                0x0000000008001440                USART1_IRQHandler
                0x0000000008001440                OTG_FS_IRQHandler
                0x0000000008001440                SPI3_IRQHandler
                0x0000000008001440                DMA1_Stream4_IRQHandler
                0x0000000008001440                I2C1_ER_IRQHandler
                0x0000000008001440                DMA2_Stream6_IRQHandler
                0x0000000008001440                DMA1_Stream3_IRQHandler
 *fill*         0x0000000008001442        0x2 
 .text.HAL_Init
                0x0000000008001444       0x44 Drivers/STM32F4xx_HAL_Driver/Src/stm32f4xx_hal.o
                0x0000000008001444                HAL_Init
 .text.HAL_InitTick
                0x0000000008001488       0x60 Drivers/STM32F4xx_HAL_Driver/Src/stm32f4xx_hal.o
                0x0000000008001488                HAL_InitTick
 .text.HAL_IncTick
                0x00000000080014e8       0x28 Drivers/STM32F4xx_HAL_Driver/Src/stm32f4xx_hal.o
                0x00000000080014e8                HAL_IncTick
 .text.__NVIC_SetPriorityGrouping
                0x0000000008001510       0x48 Drivers/STM32F4xx_HAL_Driver/Src/stm32f4xx_hal_cortex.o
 .text.__NVIC_GetPriorityGrouping
                0x0000000008001558       0x1c Drivers/STM32F4xx_HAL_Driver/Src/stm32f4xx_hal_cortex.o
 .text.__NVIC_SetPriority
                0x0000000008001574       0x54 Drivers/STM32F4xx_HAL_Driver/Src/stm32f4xx_hal_cortex.o
 .text.NVIC_EncodePriority
                0x00000000080015c8       0x66 Drivers/STM32F4xx_HAL_Driver/Src/stm32f4xx_hal_cortex.o
 *fill*         0x000000000800162e        0x2 
 .text.SysTick_Config
                0x0000000008001630       0x44 Drivers/STM32F4xx_HAL_Driver/Src/stm32f4xx_hal_cortex.o
 .text.HAL_NVIC_SetPriorityGrouping
                0x0000000008001674       0x16 Drivers/STM32F4xx_HAL_Driver/Src/stm32f4xx_hal_cortex.o
                0x0000000008001674                HAL_NVIC_SetPriorityGrouping
 .text.HAL_NVIC_SetPriority
                0x000000000800168a       0x38 Drivers/STM32F4xx_HAL_Driver/Src/stm32f4xx_hal_cortex.o
                0x000000000800168a                HAL_NVIC_SetPriority
 .text.HAL_SYSTICK_Config
                0x00000000080016c2       0x18 Drivers/STM32F4xx_HAL_Driver/Src/stm32f4xx_hal_cortex.o
                0x00000000080016c2                HAL_SYSTICK_Config
 *fill*         0x00000000080016da        0x2 
 .text.__libc_init_array
                0x00000000080016dc       0x48 c:/st/stm32cubeide_1.6.1/stm32cubeide/plugins/com.st.stm32cube.ide.mcu.externaltools.gnu-tools-for-stm32.9-2020-q2-update.win32_1.5.0.202011040924/tools/bin/../lib/gcc/arm-none-eabi/9.3.1/../../../../arm-none-eabi/lib/thumb/v7e-m+fp/hard\libc_nano.a(lib_a-init.o)
                0x00000000080016dc                __libc_init_array
 *(.glue_7)
 .glue_7        0x0000000008001724        0x0 linker stubs
 *(.glue_7t)
 .glue_7t       0x0000000008001724        0x0 linker stubs
 *(.eh_frame)
 .eh_frame      0x0000000008001724        0x0 c:/st/stm32cubeide_1.6.1/stm32cubeide/plugins/com.st.stm32cube.ide.mcu.externaltools.gnu-tools-for-stm32.9-2020-q2-update.win32_1.5.0.202011040924/tools/bin/../lib/gcc/arm-none-eabi/9.3.1/thumb/v7e-m+fp/hard/crtbegin.o
 *(.init)
 .init          0x0000000008001724        0x4 c:/st/stm32cubeide_1.6.1/stm32cubeide/plugins/com.st.stm32cube.ide.mcu.externaltools.gnu-tools-for-stm32.9-2020-q2-update.win32_1.5.0.202011040924/tools/bin/../lib/gcc/arm-none-eabi/9.3.1/thumb/v7e-m+fp/hard/crti.o
                0x0000000008001724                _init
 .init          0x0000000008001728        0x8 c:/st/stm32cubeide_1.6.1/stm32cubeide/plugins/com.st.stm32cube.ide.mcu.externaltools.gnu-tools-for-stm32.9-2020-q2-update.win32_1.5.0.202011040924/tools/bin/../lib/gcc/arm-none-eabi/9.3.1/thumb/v7e-m+fp/hard/crtn.o
 *(.fini)
 .fini          0x0000000008001730        0x4 c:/st/stm32cubeide_1.6.1/stm32cubeide/plugins/com.st.stm32cube.ide.mcu.externaltools.gnu-tools-for-stm32.9-2020-q2-update.win32_1.5.0.202011040924/tools/bin/../lib/gcc/arm-none-eabi/9.3.1/thumb/v7e-m+fp/hard/crti.o
                0x0000000008001730                _fini
 .fini          0x0000000008001734        0x8 c:/st/stm32cubeide_1.6.1/stm32cubeide/plugins/com.st.stm32cube.ide.mcu.externaltools.gnu-tools-for-stm32.9-2020-q2-update.win32_1.5.0.202011040924/tools/bin/../lib/gcc/arm-none-eabi/9.3.1/thumb/v7e-m+fp/hard/crtn.o
                0x000000000800173c                . = ALIGN (0x4)
                0x000000000800173c                _etext = .

.vfp11_veneer   0x000000000800173c        0x0
 .vfp11_veneer  0x000000000800173c        0x0 linker stubs

.v4_bx          0x000000000800173c        0x0
 .v4_bx         0x000000000800173c        0x0 linker stubs

.iplt           0x000000000800173c        0x0
 .iplt          0x000000000800173c        0x0 c:/st/stm32cubeide_1.6.1/stm32cubeide/plugins/com.st.stm32cube.ide.mcu.externaltools.gnu-tools-for-stm32.9-2020-q2-update.win32_1.5.0.202011040924/tools/bin/../lib/gcc/arm-none-eabi/9.3.1/thumb/v7e-m+fp/hard/crtbegin.o

.rel.dyn        0x000000000800173c        0x0
 .rel.iplt      0x000000000800173c        0x0 c:/st/stm32cubeide_1.6.1/stm32cubeide/plugins/com.st.stm32cube.ide.mcu.externaltools.gnu-tools-for-stm32.9-2020-q2-update.win32_1.5.0.202011040924/tools/bin/../lib/gcc/arm-none-eabi/9.3.1/thumb/v7e-m+fp/hard/crtbegin.o

.rodata         0x000000000800173c        0x0
                0x000000000800173c                . = ALIGN (0x4)
 *(.rodata)
 *(.rodata*)
                0x000000000800173c                . = ALIGN (0x4)

.ARM.extab      0x000000000800173c        0x0
                0x000000000800173c                . = ALIGN (0x4)
 *(.ARM.extab* .gnu.linkonce.armextab.*)
                0x000000000800173c                . = ALIGN (0x4)

.ARM            0x000000000800173c        0x0
                0x000000000800173c                . = ALIGN (0x4)
                0x000000000800173c                __exidx_start = .
 *(.ARM.exidx*)
                0x000000000800173c                __exidx_end = .
                0x000000000800173c                . = ALIGN (0x4)

.preinit_array  0x000000000800173c        0x0
                0x000000000800173c                . = ALIGN (0x4)
                0x000000000800173c                PROVIDE (__preinit_array_start = .)
 *(.preinit_array*)
                0x000000000800173c                PROVIDE (__preinit_array_end = .)
                0x000000000800173c                . = ALIGN (0x4)

.init_array     0x000000000800173c        0x4
                0x000000000800173c                . = ALIGN (0x4)
                0x000000000800173c                PROVIDE (__init_array_start = .)
 *(SORT_BY_NAME(.init_array.*))
 *(.init_array*)
 .init_array    0x000000000800173c        0x4 c:/st/stm32cubeide_1.6.1/stm32cubeide/plugins/com.st.stm32cube.ide.mcu.externaltools.gnu-tools-for-stm32.9-2020-q2-update.win32_1.5.0.202011040924/tools/bin/../lib/gcc/arm-none-eabi/9.3.1/thumb/v7e-m+fp/hard/crtbegin.o
                0x0000000008001740                PROVIDE (__init_array_end = .)
                0x0000000008001740                . = ALIGN (0x4)

.fini_array     0x0000000008001740        0x4
                0x0000000008001740                . = ALIGN (0x4)
                [!provide]                        PROVIDE (__fini_array_start = .)
 *(SORT_BY_NAME(.fini_array.*))
 *(.fini_array*)
 .fini_array    0x0000000008001740        0x4 c:/st/stm32cubeide_1.6.1/stm32cubeide/plugins/com.st.stm32cube.ide.mcu.externaltools.gnu-tools-for-stm32.9-2020-q2-update.win32_1.5.0.202011040924/tools/bin/../lib/gcc/arm-none-eabi/9.3.1/thumb/v7e-m+fp/hard/crtbegin.o
                [!provide]                        PROVIDE (__fini_array_end = .)
                0x0000000008001744                . = ALIGN (0x4)
                0x0000000008001744                _sidata = LOADADDR (.data)

.data           0x0000000020000000       0x10 load address 0x0000000008001744
                0x0000000020000000                . = ALIGN (0x4)
                0x0000000020000000                _sdata = .
 *(.data)
 *(.data*)
 .data.test     0x0000000020000000        0x2 Core/Src/main.o
                0x0000000020000000                test
 *fill*         0x0000000020000002        0x2 
 .data.SystemCoreClock
                0x0000000020000004        0x4 Core/Src/system_stm32f4xx.o
                0x0000000020000004                SystemCoreClock
 .data.uwTickPrio
                0x0000000020000008        0x4 Drivers/STM32F4xx_HAL_Driver/Src/stm32f4xx_hal.o
                0x0000000020000008                uwTickPrio
 .data.uwTickFreq
                0x000000002000000c        0x1 Drivers/STM32F4xx_HAL_Driver/Src/stm32f4xx_hal.o
                0x000000002000000c                uwTickFreq
 *(.RamFunc)
 *(.RamFunc*)
                0x0000000020000010                . = ALIGN (0x4)
 *fill*         0x000000002000000d        0x3 
                0x0000000020000010                _edata = .

.igot.plt       0x0000000020000010        0x0 load address 0x0000000008001754
 .igot.plt      0x0000000020000010        0x0 c:/st/stm32cubeide_1.6.1/stm32cubeide/plugins/com.st.stm32cube.ide.mcu.externaltools.gnu-tools-for-stm32.9-2020-q2-update.win32_1.5.0.202011040924/tools/bin/../lib/gcc/arm-none-eabi/9.3.1/thumb/v7e-m+fp/hard/crtbegin.o
                0x0000000020000010                . = ALIGN (0x4)

.bss            0x0000000020000010      0x1b4 load address 0x0000000008001754
                0x0000000020000010                _sbss = .
                0x0000000020000010                __bss_start__ = _sbss
 *(.bss)
 .bss           0x0000000020000010       0x1c c:/st/stm32cubeide_1.6.1/stm32cubeide/plugins/com.st.stm32cube.ide.mcu.externaltools.gnu-tools-for-stm32.9-2020-q2-update.win32_1.5.0.202011040924/tools/bin/../lib/gcc/arm-none-eabi/9.3.1/thumb/v7e-m+fp/hard/crtbegin.o
 *(.bss*)
 .bss.gx_dps    0x000000002000002c        0x2 Core/Src/main.o
                0x000000002000002c                gx_dps
 .bss.gy_dps    0x000000002000002e        0x2 Core/Src/main.o
                0x000000002000002e                gy_dps
 .bss.gz_dps    0x0000000020000030        0x2 Core/Src/main.o
                0x0000000020000030                gz_dps
 .bss.gx        0x0000000020000032        0x2 Core/Src/main.o
                0x0000000020000032                gx
 .bss.gy        0x0000000020000034        0x2 Core/Src/main.o
                0x0000000020000034                gy
 .bss.gz        0x0000000020000036        0x2 Core/Src/main.o
                0x0000000020000036                gz
 .bss.sample_count
                0x0000000020000038        0x1 Core/Src/main.o
                0x0000000020000038                sample_count
 *fill*         0x0000000020000039        0x1 
 .bss.checkInter
                0x000000002000003a        0x2 Core/Src/main.o
                0x000000002000003a                checkInter
 .bss.checkinit
                0x000000002000003c        0x1 Core/Src/main.o
                0x000000002000003c                checkinit
 *(COMMON)
 *fill*         0x000000002000003d        0x3 
 COMMON         0x0000000020000040      0x180 Core/Src/main.o
                0x0000000020000040                gyro_buf
                0x0000000020000100                gyro_FIFO_dps
 COMMON         0x00000000200001c0        0x4 Drivers/STM32F4xx_HAL_Driver/Src/stm32f4xx_hal.o
                0x00000000200001c0                uwTick
                0x00000000200001c4                . = ALIGN (0x4)
                0x00000000200001c4                _ebss = .
                0x00000000200001c4                __bss_end__ = _ebss

._user_heap_stack
                0x00000000200001c4      0x604 load address 0x0000000008001754
                0x00000000200001c8                . = ALIGN (0x8)
 *fill*         0x00000000200001c4        0x4 
                [!provide]                        PROVIDE (end = .)
                0x00000000200001c8                PROVIDE (_end = .)
                0x00000000200003c8                . = (. + _Min_Heap_Size)
 *fill*         0x00000000200001c8      0x200 
                0x00000000200007c8                . = (. + _Min_Stack_Size)
 *fill*         0x00000000200003c8      0x400 
                0x00000000200007c8                . = ALIGN (0x8)

/DISCARD/
 libc.a(*)
 libm.a(*)
 libgcc.a(*)

.ARM.attributes
                0x0000000000000000       0x30
 *(.ARM.attributes)
 .ARM.attributes
                0x0000000000000000       0x1e c:/st/stm32cubeide_1.6.1/stm32cubeide/plugins/com.st.stm32cube.ide.mcu.externaltools.gnu-tools-for-stm32.9-2020-q2-update.win32_1.5.0.202011040924/tools/bin/../lib/gcc/arm-none-eabi/9.3.1/thumb/v7e-m+fp/hard/crti.o
 .ARM.attributes
                0x000000000000001e       0x34 c:/st/stm32cubeide_1.6.1/stm32cubeide/plugins/com.st.stm32cube.ide.mcu.externaltools.gnu-tools-for-stm32.9-2020-q2-update.win32_1.5.0.202011040924/tools/bin/../lib/gcc/arm-none-eabi/9.3.1/thumb/v7e-m+fp/hard/crtbegin.o
 .ARM.attributes
                0x0000000000000052       0x34 Core/Src/main.o
 .ARM.attributes
                0x0000000000000086       0x34 Core/Src/stm32f4xx_hal_msp.o
 .ARM.attributes
                0x00000000000000ba       0x34 Core/Src/stm32f4xx_it.o
 .ARM.attributes
                0x00000000000000ee       0x34 Core/Src/system_stm32f4xx.o
 .ARM.attributes
                0x0000000000000122       0x21 Core/Startup/startup_stm32f411vetx.o
 .ARM.attributes
                0x0000000000000143       0x34 Drivers/STM32F4xx_HAL_Driver/Src/stm32f4xx_hal.o
 .ARM.attributes
                0x0000000000000177       0x34 Drivers/STM32F4xx_HAL_Driver/Src/stm32f4xx_hal_cortex.o
 .ARM.attributes
                0x00000000000001ab       0x34 c:/st/stm32cubeide_1.6.1/stm32cubeide/plugins/com.st.stm32cube.ide.mcu.externaltools.gnu-tools-for-stm32.9-2020-q2-update.win32_1.5.0.202011040924/tools/bin/../lib/gcc/arm-none-eabi/9.3.1/../../../../arm-none-eabi/lib/thumb/v7e-m+fp/hard\libc_nano.a(lib_a-init.o)
 .ARM.attributes
                0x00000000000001df       0x1e c:/st/stm32cubeide_1.6.1/stm32cubeide/plugins/com.st.stm32cube.ide.mcu.externaltools.gnu-tools-for-stm32.9-2020-q2-update.win32_1.5.0.202011040924/tools/bin/../lib/gcc/arm-none-eabi/9.3.1/thumb/v7e-m+fp/hard\libgcc.a(_arm_addsubdf3.o)
 .ARM.attributes
                0x00000000000001fd       0x1e c:/st/stm32cubeide_1.6.1/stm32cubeide/plugins/com.st.stm32cube.ide.mcu.externaltools.gnu-tools-for-stm32.9-2020-q2-update.win32_1.5.0.202011040924/tools/bin/../lib/gcc/arm-none-eabi/9.3.1/thumb/v7e-m+fp/hard\libgcc.a(_arm_muldivdf3.o)
 .ARM.attributes
                0x000000000000021b       0x1e c:/st/stm32cubeide_1.6.1/stm32cubeide/plugins/com.st.stm32cube.ide.mcu.externaltools.gnu-tools-for-stm32.9-2020-q2-update.win32_1.5.0.202011040924/tools/bin/../lib/gcc/arm-none-eabi/9.3.1/thumb/v7e-m+fp/hard\libgcc.a(_arm_fixdfsi.o)
 .ARM.attributes
                0x0000000000000239       0x1e c:/st/stm32cubeide_1.6.1/stm32cubeide/plugins/com.st.stm32cube.ide.mcu.externaltools.gnu-tools-for-stm32.9-2020-q2-update.win32_1.5.0.202011040924/tools/bin/../lib/gcc/arm-none-eabi/9.3.1/thumb/v7e-m+fp/hard/crtn.o
OUTPUT(7.1.SPI_I3G4250D.elf elf32-littlearm)
LOAD linker stubs
LOAD c:/st/stm32cubeide_1.6.1/stm32cubeide/plugins/com.st.stm32cube.ide.mcu.externaltools.gnu-tools-for-stm32.9-2020-q2-update.win32_1.5.0.202011040924/tools/bin/../lib/gcc/arm-none-eabi/9.3.1/../../../../arm-none-eabi/lib/thumb/v7e-m+fp/hard\libc.a
LOAD c:/st/stm32cubeide_1.6.1/stm32cubeide/plugins/com.st.stm32cube.ide.mcu.externaltools.gnu-tools-for-stm32.9-2020-q2-update.win32_1.5.0.202011040924/tools/bin/../lib/gcc/arm-none-eabi/9.3.1/../../../../arm-none-eabi/lib/thumb/v7e-m+fp/hard\libm.a
LOAD c:/st/stm32cubeide_1.6.1/stm32cubeide/plugins/com.st.stm32cube.ide.mcu.externaltools.gnu-tools-for-stm32.9-2020-q2-update.win32_1.5.0.202011040924/tools/bin/../lib/gcc/arm-none-eabi/9.3.1/thumb/v7e-m+fp/hard\libgcc.a

.debug_info     0x0000000000000000     0x3934
 .debug_info    0x0000000000000000     0x15d5 Core/Src/main.o
 .debug_info    0x00000000000015d5      0x3c0 Core/Src/stm32f4xx_hal_msp.o
 .debug_info    0x0000000000001995      0x222 Core/Src/stm32f4xx_it.o
 .debug_info    0x0000000000001bb7      0x5d0 Core/Src/system_stm32f4xx.o
 .debug_info    0x0000000000002187       0x22 Core/Startup/startup_stm32f411vetx.o
 .debug_info    0x00000000000021a9      0x944 Drivers/STM32F4xx_HAL_Driver/Src/stm32f4xx_hal.o
 .debug_info    0x0000000000002aed      0xe47 Drivers/STM32F4xx_HAL_Driver/Src/stm32f4xx_hal_cortex.o

.debug_abbrev   0x0000000000000000      0xc8f
 .debug_abbrev  0x0000000000000000      0x3ef Core/Src/main.o
 .debug_abbrev  0x00000000000003ef      0x11d Core/Src/stm32f4xx_hal_msp.o
 .debug_abbrev  0x000000000000050c       0xd2 Core/Src/stm32f4xx_it.o
 .debug_abbrev  0x00000000000005de      0x145 Core/Src/system_stm32f4xx.o
 .debug_abbrev  0x0000000000000723       0x12 Core/Startup/startup_stm32f411vetx.o
 .debug_abbrev  0x0000000000000735      0x21e Drivers/STM32F4xx_HAL_Driver/Src/stm32f4xx_hal.o
 .debug_abbrev  0x0000000000000953      0x33c Drivers/STM32F4xx_HAL_Driver/Src/stm32f4xx_hal_cortex.o

.debug_aranges  0x0000000000000000      0x3a8
 .debug_aranges
                0x0000000000000000       0xd0 Core/Src/main.o
 .debug_aranges
                0x00000000000000d0       0x20 Core/Src/stm32f4xx_hal_msp.o
 .debug_aranges
                0x00000000000000f0       0x60 Core/Src/stm32f4xx_it.o
 .debug_aranges
                0x0000000000000150       0x28 Core/Src/system_stm32f4xx.o
 .debug_aranges
                0x0000000000000178       0x28 Core/Startup/startup_stm32f411vetx.o
 .debug_aranges
                0x00000000000001a0       0xf0 Drivers/STM32F4xx_HAL_Driver/Src/stm32f4xx_hal.o
 .debug_aranges
                0x0000000000000290      0x118 Drivers/STM32F4xx_HAL_Driver/Src/stm32f4xx_hal_cortex.o

.debug_ranges   0x0000000000000000      0x340
 .debug_ranges  0x0000000000000000       0xc0 Core/Src/main.o
 .debug_ranges  0x00000000000000c0       0x10 Core/Src/stm32f4xx_hal_msp.o
 .debug_ranges  0x00000000000000d0       0x50 Core/Src/stm32f4xx_it.o
 .debug_ranges  0x0000000000000120       0x18 Core/Src/system_stm32f4xx.o
 .debug_ranges  0x0000000000000138       0x20 Core/Startup/startup_stm32f411vetx.o
 .debug_ranges  0x0000000000000158       0xe0 Drivers/STM32F4xx_HAL_Driver/Src/stm32f4xx_hal.o
 .debug_ranges  0x0000000000000238      0x108 Drivers/STM32F4xx_HAL_Driver/Src/stm32f4xx_hal_cortex.o

.debug_macro    0x0000000000000000    0x14ccb
 .debug_macro   0x0000000000000000      0x3f1 Core/Src/main.o
 .debug_macro   0x00000000000003f1      0xaa8 Core/Src/main.o
 .debug_macro   0x0000000000000e99      0x28f Core/Src/main.o
 .debug_macro   0x0000000000001128       0x2e Core/Src/main.o
 .debug_macro   0x0000000000001156       0x28 Core/Src/main.o
 .debug_macro   0x000000000000117e       0x22 Core/Src/main.o
 .debug_macro   0x00000000000011a0       0x8e Core/Src/main.o
 .debug_macro   0x000000000000122e       0x51 Core/Src/main.o
 .debug_macro   0x000000000000127f      0x103 Core/Src/main.o
 .debug_macro   0x0000000000001382       0x6a Core/Src/main.o
 .debug_macro   0x00000000000013ec      0x1df Core/Src/main.o
 .debug_macro   0x00000000000015cb       0x1c Core/Src/main.o
 .debug_macro   0x00000000000015e7       0x22 Core/Src/main.o
 .debug_macro   0x0000000000001609       0xdf Core/Src/main.o
 .debug_macro   0x00000000000016e8     0x102d Core/Src/main.o
 .debug_macro   0x0000000000002715      0x11f Core/Src/main.o
 .debug_macro   0x0000000000002834     0xb953 Core/Src/main.o
 .debug_macro   0x000000000000e187       0x6d Core/Src/main.o
 .debug_macro   0x000000000000e1f4     0x3666 Core/Src/main.o
 .debug_macro   0x000000000001185a      0x174 Core/Src/main.o
 .debug_macro   0x00000000000119ce       0x5c Core/Src/main.o
 .debug_macro   0x0000000000011a2a      0x447 Core/Src/main.o
 .debug_macro   0x0000000000011e71      0x9fe Core/Src/main.o
 .debug_macro   0x000000000001286f      0x116 Core/Src/main.o
 .debug_macro   0x0000000000012985      0x11b Core/Src/main.o
 .debug_macro   0x0000000000012aa0       0xa5 Core/Src/main.o
 .debug_macro   0x0000000000012b45      0x15f Core/Src/main.o
 .debug_macro   0x0000000000012ca4      0x287 Core/Src/main.o
 .debug_macro   0x0000000000012f2b       0x5f Core/Src/main.o
 .debug_macro   0x0000000000012f8a      0x236 Core/Src/main.o
 .debug_macro   0x00000000000131c0      0x132 Core/Src/main.o
 .debug_macro   0x00000000000132f2      0x264 Core/Src/main.o
 .debug_macro   0x0000000000013556       0x2e Core/Src/main.o
 .debug_macro   0x0000000000013584      0x11a Core/Src/main.o
 .debug_macro   0x000000000001369e       0x85 Core/Src/main.o
 .debug_macro   0x0000000000013723       0x89 Core/Src/main.o
 .debug_macro   0x00000000000137ac      0x126 Core/Src/main.o
 .debug_macro   0x00000000000138d2       0x52 Core/Src/main.o
 .debug_macro   0x0000000000013924       0x18 Core/Src/main.o
 .debug_macro   0x000000000001393c       0x3c Core/Src/main.o
 .debug_macro   0x0000000000013978       0x34 Core/Src/main.o
 .debug_macro   0x00000000000139ac       0x16 Core/Src/main.o
 .debug_macro   0x00000000000139c2       0x43 Core/Src/main.o
 .debug_macro   0x0000000000013a05       0x34 Core/Src/main.o
 .debug_macro   0x0000000000013a39       0x10 Core/Src/main.o
 .debug_macro   0x0000000000013a49       0x58 Core/Src/main.o
 .debug_macro   0x0000000000013aa1       0x71 Core/Src/main.o
 .debug_macro   0x0000000000013b12       0x1c Core/Src/main.o
 .debug_macro   0x0000000000013b2e      0x12a Core/Src/main.o
 .debug_macro   0x0000000000013c58      0x333 Core/Src/main.o
 .debug_macro   0x0000000000013f8b       0x10 Core/Src/main.o
 .debug_macro   0x0000000000013f9b       0x35 Core/Src/main.o
 .debug_macro   0x0000000000013fd0       0x20 Core/Src/main.o
 .debug_macro   0x0000000000013ff0       0x58 Core/Src/main.o
 .debug_macro   0x0000000000014048       0x1c Core/Src/main.o
 .debug_macro   0x0000000000014064       0x10 Core/Src/main.o
 .debug_macro   0x0000000000014074       0x1c Core/Src/main.o
 .debug_macro   0x0000000000014090       0x52 Core/Src/main.o
 .debug_macro   0x00000000000140e2       0x22 Core/Src/main.o
 .debug_macro   0x0000000000014104       0x10 Core/Src/main.o
 .debug_macro   0x0000000000014114       0x40 Core/Src/main.o
 .debug_macro   0x0000000000014154       0xd5 Core/Src/main.o
 .debug_macro   0x0000000000014229       0x1c Core/Src/main.o
 .debug_macro   0x0000000000014245       0x3d Core/Src/main.o
 .debug_macro   0x0000000000014282       0x16 Core/Src/main.o
 .debug_macro   0x0000000000014298      0x145 Core/Src/main.o
 .debug_macro   0x00000000000143dd      0x1ba Core/Src/stm32f4xx_hal_msp.o
 .debug_macro   0x0000000000014597      0x1c4 Core/Src/stm32f4xx_it.o
 .debug_macro   0x000000000001475b      0x1b0 Core/Src/system_stm32f4xx.o
 .debug_macro   0x000000000001490b      0x210 Drivers/STM32F4xx_HAL_Driver/Src/stm32f4xx_hal.o
 .debug_macro   0x0000000000014b1b      0x1b0 Drivers/STM32F4xx_HAL_Driver/Src/stm32f4xx_hal_cortex.o

.debug_line     0x0000000000000000     0x38ea
 .debug_line    0x0000000000000000      0xe2c Core/Src/main.o
 .debug_line    0x0000000000000e2c      0x67e Core/Src/stm32f4xx_hal_msp.o
 .debug_line    0x00000000000014aa      0x740 Core/Src/stm32f4xx_it.o
 .debug_line    0x0000000000001bea      0x6ff Core/Src/system_stm32f4xx.o
 .debug_line    0x00000000000022e9       0x88 Core/Startup/startup_stm32f411vetx.o
 .debug_line    0x0000000000002371      0x965 Drivers/STM32F4xx_HAL_Driver/Src/stm32f4xx_hal.o
 .debug_line    0x0000000000002cd6      0xc14 Drivers/STM32F4xx_HAL_Driver/Src/stm32f4xx_hal_cortex.o

.debug_str      0x0000000000000000    0x8302e
 .debug_str     0x0000000000000000    0x82166 Core/Src/main.o
                                      0x824cc (size before relaxing)
 .debug_str     0x0000000000082166       0x2c Core/Src/stm32f4xx_hal_msp.o
                                      0x7dd29 (size before relaxing)
 .debug_str     0x0000000000082192       0xbd Core/Src/stm32f4xx_it.o
                                      0x7dca5 (size before relaxing)
 .debug_str     0x000000000008224f       0xaf Core/Src/system_stm32f4xx.o
                                      0x7dd9b (size before relaxing)
 .debug_str     0x00000000000822fe       0x36 Core/Startup/startup_stm32f411vetx.o
                                         0x64 (size before relaxing)
 .debug_str     0x0000000000082334      0x946 Drivers/STM32F4xx_HAL_Driver/Src/stm32f4xx_hal.o
                                      0x7e725 (size before relaxing)
 .debug_str     0x0000000000082c7a      0x3b4 Drivers/STM32F4xx_HAL_Driver/Src/stm32f4xx_hal_cortex.o
                                      0x7e502 (size before relaxing)

.comment        0x0000000000000000       0x53
 .comment       0x0000000000000000       0x53 Core/Src/main.o
                                         0x54 (size before relaxing)
 .comment       0x0000000000000053       0x54 Core/Src/stm32f4xx_hal_msp.o
 .comment       0x0000000000000053       0x54 Core/Src/stm32f4xx_it.o
 .comment       0x0000000000000053       0x54 Core/Src/system_stm32f4xx.o
 .comment       0x0000000000000053       0x54 Drivers/STM32F4xx_HAL_Driver/Src/stm32f4xx_hal.o
 .comment       0x0000000000000053       0x54 Drivers/STM32F4xx_HAL_Driver/Src/stm32f4xx_hal_cortex.o

.debug_frame    0x0000000000000000      0xe6c
 .debug_frame   0x0000000000000000      0x380 Core/Src/main.o
 .debug_frame   0x0000000000000380       0x38 Core/Src/stm32f4xx_hal_msp.o
 .debug_frame   0x00000000000003b8      0x104 Core/Src/stm32f4xx_it.o
 .debug_frame   0x00000000000004bc       0x58 Core/Src/system_stm32f4xx.o
 .debug_frame   0x0000000000000514      0x374 Drivers/STM32F4xx_HAL_Driver/Src/stm32f4xx_hal.o
 .debug_frame   0x0000000000000888      0x498 Drivers/STM32F4xx_HAL_Driver/Src/stm32f4xx_hal_cortex.o
 .debug_frame   0x0000000000000d20       0x2c c:/st/stm32cubeide_1.6.1/stm32cubeide/plugins/com.st.stm32cube.ide.mcu.externaltools.gnu-tools-for-stm32.9-2020-q2-update.win32_1.5.0.202011040924/tools/bin/../lib/gcc/arm-none-eabi/9.3.1/../../../../arm-none-eabi/lib/thumb/v7e-m+fp/hard\libc_nano.a(lib_a-init.o)
 .debug_frame   0x0000000000000d4c       0xac c:/st/stm32cubeide_1.6.1/stm32cubeide/plugins/com.st.stm32cube.ide.mcu.externaltools.gnu-tools-for-stm32.9-2020-q2-update.win32_1.5.0.202011040924/tools/bin/../lib/gcc/arm-none-eabi/9.3.1/thumb/v7e-m+fp/hard\libgcc.a(_arm_addsubdf3.o)
 .debug_frame   0x0000000000000df8       0x50 c:/st/stm32cubeide_1.6.1/stm32cubeide/plugins/com.st.stm32cube.ide.mcu.externaltools.gnu-tools-for-stm32.9-2020-q2-update.win32_1.5.0.202011040924/tools/bin/../lib/gcc/arm-none-eabi/9.3.1/thumb/v7e-m+fp/hard\libgcc.a(_arm_muldivdf3.o)
 .debug_frame   0x0000000000000e48       0x24 c:/st/stm32cubeide_1.6.1/stm32cubeide/plugins/com.st.stm32cube.ide.mcu.externaltools.gnu-tools-for-stm32.9-2020-q2-update.win32_1.5.0.202011040924/tools/bin/../lib/gcc/arm-none-eabi/9.3.1/thumb/v7e-m+fp/hard\libgcc.a(_arm_fixdfsi.o)
