main.c:236:6:UART1_INIT	40	static
main.c:267:6:UART_SEND	24	static
main.c:278:6:my_printf	152	static
main.c:292:6:CS_LOW	16	static
main.c:296:6:CS_HIGH	16	static
main.c:309:6:SPI_INIT	40	static
main.c:343:9:SPI_Transfer	32	static
main.c:360:6:SPI_Write_I3G4250D	16	static
main.c:368:9:SPI_Read_I3G4250D	24	static
main.c:378:6:SPI1_Read_multiByte	32	static
main.c:388:6:I3G4250D_ReadXYZ	40	static
main.c:400:6:RawToDps	24	static
main.c:420:6:EXTI1_Init	32	static
main.c:445:6:EXTI1_IRQHandler	32	static
main.c:478:12:I3G_DataReady_poll	16	static
main.c:492:6:I3G4250D_FIFO_Enable_Stream_With_Watermark	24	static
main.c:511:6:I3G4250D_Init	8	static
main.c:523:5:main	16	static,ignoring_inline_asm
