Archive member included to satisfy reference by file (symbol)

C:/PROGRA~2/Arm GNU Toolchain arm-none-eabi/14.3 rel1/bin/../lib/gcc/arm-none-eabi/14.3.1/../../../../arm-none-eabi/lib/thumb/v7e-m+fp/hard\libc_nano.a(libc_a-exit.o)
                              C:/PROGRA~2/Arm GNU Toolchain arm-none-eabi/14.3 rel1/bin/../lib/gcc/arm-none-eabi/14.3.1/../../../../arm-none-eabi/lib/thumb/v7e-m+fp/hard/crt0.o (exit)
C:/PROGRA~2/Arm GNU Toolchain arm-none-eabi/14.3 rel1/bin/../lib/gcc/arm-none-eabi/14.3.1/../../../../arm-none-eabi/lib/thumb/v7e-m+fp/hard\libc_nano.a(libc_a-findfp.o)
                              C:/PROGRA~2/Arm GNU Toolchain arm-none-eabi/14.3 rel1/bin/../lib/gcc/arm-none-eabi/14.3.1/../../../../arm-none-eabi/lib/thumb/v7e-m+fp/hard\libc_nano.a(libc_a-exit.o) (__stdio_exit_handler)
C:/PROGRA~2/Arm GNU Toolchain arm-none-eabi/14.3 rel1/bin/../lib/gcc/arm-none-eabi/14.3.1/../../../../arm-none-eabi/lib/thumb/v7e-m+fp/hard\libc_nano.a(libc_a-fwalk.o)
                              C:/PROGRA~2/Arm GNU Toolchain arm-none-eabi/14.3 rel1/bin/../lib/gcc/arm-none-eabi/14.3.1/../../../../arm-none-eabi/lib/thumb/v7e-m+fp/hard\libc_nano.a(libc_a-findfp.o) (_fwalk_sglue)
C:/PROGRA~2/Arm GNU Toolchain arm-none-eabi/14.3 rel1/bin/../lib/gcc/arm-none-eabi/14.3.1/../../../../arm-none-eabi/lib/thumb/v7e-m+fp/hard\libc_nano.a(libc_a-stdio.o)
                              C:/PROGRA~2/Arm GNU Toolchain arm-none-eabi/14.3 rel1/bin/../lib/gcc/arm-none-eabi/14.3.1/../../../../arm-none-eabi/lib/thumb/v7e-m+fp/hard\libc_nano.a(libc_a-findfp.o) (__sread)
C:/PROGRA~2/Arm GNU Toolchain arm-none-eabi/14.3 rel1/bin/../lib/gcc/arm-none-eabi/14.3.1/../../../../arm-none-eabi/lib/thumb/v7e-m+fp/hard\libc_nano.a(libc_a-memset.o)
                              C:/PROGRA~2/Arm GNU Toolchain arm-none-eabi/14.3 rel1/bin/../lib/gcc/arm-none-eabi/14.3.1/../../../../arm-none-eabi/lib/thumb/v7e-m+fp/hard/crt0.o (memset)
C:/PROGRA~2/Arm GNU Toolchain arm-none-eabi/14.3 rel1/bin/../lib/gcc/arm-none-eabi/14.3.1/../../../../arm-none-eabi/lib/thumb/v7e-m+fp/hard\libc_nano.a(libc_a-closer.o)
                              C:/PROGRA~2/Arm GNU Toolchain arm-none-eabi/14.3 rel1/bin/../lib/gcc/arm-none-eabi/14.3.1/../../../../arm-none-eabi/lib/thumb/v7e-m+fp/hard\libc_nano.a(libc_a-stdio.o) (_close_r)
C:/PROGRA~2/Arm GNU Toolchain arm-none-eabi/14.3 rel1/bin/../lib/gcc/arm-none-eabi/14.3.1/../../../../arm-none-eabi/lib/thumb/v7e-m+fp/hard\libc_nano.a(libc_a-reent.o)
                              C:/PROGRA~2/Arm GNU Toolchain arm-none-eabi/14.3 rel1/bin/../lib/gcc/arm-none-eabi/14.3.1/../../../../arm-none-eabi/lib/thumb/v7e-m+fp/hard\libc_nano.a(libc_a-closer.o) (errno)
C:/PROGRA~2/Arm GNU Toolchain arm-none-eabi/14.3 rel1/bin/../lib/gcc/arm-none-eabi/14.3.1/../../../../arm-none-eabi/lib/thumb/v7e-m+fp/hard\libc_nano.a(libc_a-impure.o)
                              C:/PROGRA~2/Arm GNU Toolchain arm-none-eabi/14.3 rel1/bin/../lib/gcc/arm-none-eabi/14.3.1/../../../../arm-none-eabi/lib/thumb/v7e-m+fp/hard\libc_nano.a(libc_a-reent.o) (_impure_ptr)
C:/PROGRA~2/Arm GNU Toolchain arm-none-eabi/14.3 rel1/bin/../lib/gcc/arm-none-eabi/14.3.1/../../../../arm-none-eabi/lib/thumb/v7e-m+fp/hard\libc_nano.a(libc_a-lseekr.o)
                              C:/PROGRA~2/Arm GNU Toolchain arm-none-eabi/14.3 rel1/bin/../lib/gcc/arm-none-eabi/14.3.1/../../../../arm-none-eabi/lib/thumb/v7e-m+fp/hard\libc_nano.a(libc_a-stdio.o) (_lseek_r)
C:/PROGRA~2/Arm GNU Toolchain arm-none-eabi/14.3 rel1/bin/../lib/gcc/arm-none-eabi/14.3.1/../../../../arm-none-eabi/lib/thumb/v7e-m+fp/hard\libc_nano.a(libc_a-readr.o)
                              C:/PROGRA~2/Arm GNU Toolchain arm-none-eabi/14.3 rel1/bin/../lib/gcc/arm-none-eabi/14.3.1/../../../../arm-none-eabi/lib/thumb/v7e-m+fp/hard\libc_nano.a(libc_a-stdio.o) (_read_r)
C:/PROGRA~2/Arm GNU Toolchain arm-none-eabi/14.3 rel1/bin/../lib/gcc/arm-none-eabi/14.3.1/../../../../arm-none-eabi/lib/thumb/v7e-m+fp/hard\libc_nano.a(libc_a-writer.o)
                              C:/PROGRA~2/Arm GNU Toolchain arm-none-eabi/14.3 rel1/bin/../lib/gcc/arm-none-eabi/14.3.1/../../../../arm-none-eabi/lib/thumb/v7e-m+fp/hard\libc_nano.a(libc_a-stdio.o) (_write_r)
C:/PROGRA~2/Arm GNU Toolchain arm-none-eabi/14.3 rel1/bin/../lib/gcc/arm-none-eabi/14.3.1/../../../../arm-none-eabi/lib/thumb/v7e-m+fp/hard\libc_nano.a(libc_a-init.o)
                              C:/PROGRA~2/Arm GNU Toolchain arm-none-eabi/14.3 rel1/bin/../lib/gcc/arm-none-eabi/14.3.1/../../../../arm-none-eabi/lib/thumb/v7e-m+fp/hard/crt0.o (__libc_init_array)
C:/PROGRA~2/Arm GNU Toolchain arm-none-eabi/14.3 rel1/bin/../lib/gcc/arm-none-eabi/14.3.1/../../../../arm-none-eabi/lib/thumb/v7e-m+fp/hard\libc_nano.a(libc_a-lock.o)
                              C:/PROGRA~2/Arm GNU Toolchain arm-none-eabi/14.3 rel1/bin/../lib/gcc/arm-none-eabi/14.3.1/../../../../arm-none-eabi/lib/thumb/v7e-m+fp/hard\libc_nano.a(libc_a-findfp.o) (__retarget_lock_init_recursive)
[...]
Memory Configuration

Name             Origin             Length             Attributes
RAM              0x20000000         0x00020000         xrw
FLASH            0x08000000         0x00080000         xr
*default*        0x00000000         0xffffffff

Linker script and memory map

LOAD C:/PROGRA~2/Arm GNU Toolchain arm-none-eabi/14.3 rel1/bin/../lib/gcc/arm-none-eabi/14.3.1/thumb/v7e-m+fp/hard/crti.o
LOAD C:/PROGRA~2/Arm GNU Toolchain arm-none-eabi/14.3 rel1/bin/../lib/gcc/arm-none-eabi/14.3.1/thumb/v7e-m+fp/hard/crtbegin.o
LOAD C:/PROGRA~2/Arm GNU Toolchain arm-none-eabi/14.3 rel1/bin/../lib/gcc/arm-none-eabi/14.3.1/../../../../arm-none-eabi/lib/thumb/v7e-m+fp/hard/crt0.o
START GROUP
LOAD C:/PROGRA~2/Arm GNU Toolchain arm-none-eabi/14.3 rel1/bin/../lib/gcc/arm-none-eabi/14.3.1/../../../../arm-none-eabi/lib/thumb/v7e-m+fp/hard\libc_nano.a
LOAD C:/PROGRA~2/Arm GNU Toolchain arm-none-eabi/14.3 rel1/bin/../lib/gcc/arm-none-eabi/14.3.1/../../../../arm-none-eabi/lib/thumb/v7e-m+fp/hard\libm.a
END GROUP
LOAD cmake/stm32cubemx/CMakeFiles/STM32_Drivers.dir/__/__/Core/Src/system_stm32f4xx.c.obj
LOAD cmake/stm32cubemx/CMakeFiles/STM32_Drivers.dir/__/__/Drivers/STM32F4xx_HAL_Driver/Src/stm32f4xx_hal_rcc.c.obj
LOAD cmake/stm32cubemx/CMakeFiles/STM32_Drivers.dir/__/__/Drivers/STM32F4xx_HAL_Driver/Src/stm32f4xx_hal_rcc_ex.c.obj
LOAD cmake/stm32cubemx/CMakeFiles/STM32_Drivers.dir/__/__/Drivers/STM32F4xx_HAL_Driver/Src/stm32f4xx_hal_flash.c.obj
LOAD cmake/stm32cubemx/CMakeFiles/STM32_Drivers.dir/__/__/Drivers/STM32F4xx_HAL_Driver/Src/stm32f4xx_hal_flash_ex.c.obj
LOAD cmake/stm32cubemx/CMakeFiles/STM32_Drivers.dir/__/__/Drivers/STM32F4xx_HAL_Driver/Src/stm32f4xx_hal_flash_ramfunc.c.obj
LOAD cmake/stm32cubemx/CMakeFiles/STM32_Drivers.dir/__/__/Drivers/STM32F4xx_HAL_Driver/Src/stm32f4xx_hal_gpio.c.obj
LOAD cmake/stm32cubemx/CMakeFiles/STM32_Drivers.dir/__/__/Drivers/STM32F4xx_HAL_Driver/Src/stm32f4xx_hal_dma_ex.c.obj
LOAD cmake/stm32cubemx/CMakeFiles/STM32_Drivers.dir/__/__/Drivers/STM32F4xx_HAL_Driver/Src/stm32f4xx_hal_dma.c.obj
LOAD cmake/stm32cubemx/CMakeFiles/STM32_Drivers.dir/__/__/Drivers/STM32F4xx_HAL_Driver/Src/stm32f4xx_hal_pwr.c.obj
LOAD cmake/stm32cubemx/CMakeFiles/STM32_Drivers.dir/__/__/Drivers/STM32F4xx_HAL_Driver/Src/stm32f4xx_hal_pwr_ex.c.obj
LOAD cmake/stm32cubemx/CMakeFiles/STM32_Drivers.dir/__/__/Drivers/STM32F4xx_HAL_Driver/Src/stm32f4xx_hal_cortex.c.obj
LOAD cmake/stm32cubemx/CMakeFiles/STM32_Drivers.dir/__/__/Drivers/STM32F4xx_HAL_Driver/Src/stm32f4xx_hal.c.obj
LOAD cmake/stm32cubemx/CMakeFiles/STM32_Drivers.dir/__/__/Drivers/STM32F4xx_HAL_Driver/Src/stm32f4xx_hal_exti.c.obj
LOAD CMakeFiles/DRONE_VSCODE.dir/Core/Src/main.c.obj
LOAD CMakeFiles/DRONE_VSCODE.dir/Core/Src/stm32f4xx_it.c.obj
LOAD CMakeFiles/DRONE_VSCODE.dir/Core/Src/stm32f4xx_hal_msp.c.obj
LOAD CMakeFiles/DRONE_VSCODE.dir/Core/Src/sysmem.c.obj
LOAD CMakeFiles/DRONE_VSCODE.dir/Core/Src/syscalls.c.obj
LOAD CMakeFiles/DRONE_VSCODE.dir/startup_stm32f411xe.s.obj
LOAD CMakeFiles/DRONE_VSCODE.dir/Core/User/RC/receiver.c.obj
LOAD CMakeFiles/DRONE_VSCODE.dir/Core/User/motor/motor.c.obj
LOAD CMakeFiles/DRONE_VSCODE.dir/Core/User/uart/uart.c.obj
START GROUP
LOAD C:/PROGRA~2/Arm GNU Toolchain arm-none-eabi/14.3 rel1/bin/../lib/gcc/arm-none-eabi/14.3.1/thumb/v7e-m+fp/hard\libgcc.a
LOAD C:/PROGRA~2/Arm GNU Toolchain arm-none-eabi/14.3 rel1/bin/../lib/gcc/arm-none-eabi/14.3.1/../../../../arm-none-eabi/lib/thumb/v7e-m+fp/hard\libg_nano.a
LOAD C:/PROGRA~2/Arm GNU Toolchain arm-none-eabi/14.3 rel1/bin/../lib/gcc/arm-none-eabi/14.3.1/../../../../arm-none-eabi/lib/thumb/v7e-m+fp/hard\libc_nano.a
END GROUP
START GROUP
LOAD C:/PROGRA~2/Arm GNU Toolchain arm-none-eabi/14.3 rel1/bin/../lib/gcc/arm-none-eabi/14.3.1/thumb/v7e-m+fp/hard\libgcc.a
LOAD C:/PROGRA~2/Arm GNU Toolchain arm-none-eabi/14.3 rel1/bin/../lib/gcc/arm-none-eabi/14.3.1/../../../../arm-none-eabi/lib/thumb/v7e-m+fp/hard\libc_nano.a
END GROUP
LOAD C:/PROGRA~2/Arm GNU Toolchain arm-none-eabi/14.3 rel1/bin/../lib/gcc/arm-none-eabi/14.3.1/thumb/v7e-m+fp/hard/crtend.o
LOAD C:/PROGRA~2/Arm GNU Toolchain arm-none-eabi/14.3 rel1/bin/../lib/gcc/arm-none-eabi/14.3.1/thumb/v7e-m+fp/hard/crtn.o
                0x20020000                        _estack = (ORIGIN (RAM) + LENGTH (RAM))
                0x00000200                        _Min_Heap_Size = 0x200
                0x00000400                        _Min_Stack_Size = 0x400

.isr_vector     0x08000000      0x198
                0x08000000                        . = ALIGN (0x4)
 *(.isr_vector)
 .isr_vector    0x08000000      0x198 CMakeFiles/DRONE_VSCODE.dir/startup_stm32f411xe.s.obj
                0x08000000                g_pfnVectors
                0x08000198                        . = ALIGN (0x4)

.text           0x08000198     0x15ac
                0x08000198                        . = ALIGN (0x4)
 *(.text)
 .text          0x08000198      0x378 C:/PROGRA~2/Arm GNU Toolchain arm-none-eabi/14.3 rel1/bin/../lib/gcc/arm-none-eabi/14.3.1/thumb/v7e-m+fp/hard\libgcc.a(_arm_addsubdf3.o)
                0x08000198                __aeabi_drsub
                0x080001a0                __aeabi_dsub
                0x080001a0                __subdf3
                0x080001a4                __aeabi_dadd
                0x080001a4                __adddf3
                0x0800041c                __floatunsidf
                0x0800041c                __aeabi_ui2d
                0x0800043c                __floatsidf
                0x0800043c                __aeabi_i2d
                0x08000460                __aeabi_f2d
                0x08000460                __extendsfdf2
                0x080004a4                __floatundidf
                0x080004a4                __aeabi_ul2d
                0x080004b4                __floatdidf
                0x080004b4                __aeabi_l2d
 .text          0x08000510      0x424 C:/PROGRA~2/Arm GNU Toolchain arm-none-eabi/14.3 rel1/bin/../lib/gcc/arm-none-eabi/14.3.1/thumb/v7e-m+fp/hard\libgcc.a(_arm_muldivdf3.o)
                0x08000510                __aeabi_dmul
                0x08000510                __muldf3
                0x08000764                __divdf3
                0x08000764                __aeabi_ddiv
 .text          0x08000934       0x40 C:/PROGRA~2/Arm GNU Toolchain arm-none-eabi/14.3 rel1/bin/../lib/gcc/arm-none-eabi/14.3.1/thumb/v7e-m+fp/hard\libgcc.a(_arm_fixunsdfsi.o)
                0x08000934                __aeabi_d2uiz
                0x08000934                __fixunsdfsi
 .text          0x08000974       0x30 C:/PROGRA~2/Arm GNU Toolchain arm-none-eabi/14.3 rel1/bin/../lib/gcc/arm-none-eabi/14.3.1/thumb/v7e-m+fp/hard\libgcc.a(_aeabi_uldivmod.o)
                0x08000974                __aeabi_uldivmod
 .text          0x080009a4        0x4 C:/PROGRA~2/Arm GNU Toolchain arm-none-eabi/14.3 rel1/bin/../lib/gcc/arm-none-eabi/14.3.1/thumb/v7e-m+fp/hard\libgcc.a(_dvmd_tls.o)
                0x080009a4                __aeabi_idiv0
                0x080009a4                __aeabi_ldiv0
 *(.text*)
 .text.deregister_tm_clones
                0x080009a8       0x1c C:/PROGRA~2/Arm GNU Toolchain arm-none-eabi/14.3 rel1/bin/../lib/gcc/arm-none-eabi/14.3.1/thumb/v7e-m+fp/hard/crtbegin.o
 .text.register_tm_clones
                0x080009c4       0x24 C:/PROGRA~2/Arm GNU Toolchain arm-none-eabi/14.3 rel1/bin/../lib/gcc/arm-none-eabi/14.3.1/thumb/v7e-m+fp/hard/crtbegin.o
 .text.__do_global_dtors_aux
                0x080009e8       0x28 C:/PROGRA~2/Arm GNU Toolchain arm-none-eabi/14.3 rel1/bin/../lib/gcc/arm-none-eabi/14.3.1/thumb/v7e-m+fp/hard/crtbegin.o
 .text.frame_dummy
                0x08000a10       0x24 C:/PROGRA~2/Arm GNU Toolchain arm-none-eabi/14.3 rel1/bin/../lib/gcc/arm-none-eabi/14.3.1/thumb/v7e-m+fp/hard/crtbegin.o
 .text.__libc_init_array
                0x08000a34       0x48 C:/PROGRA~2/Arm GNU Toolchain arm-none-eabi/14.3 rel1/bin/../lib/gcc/arm-none-eabi/14.3.1/../../../../arm-none-eabi/lib/thumb/v7e-m+fp/hard\libc_nano.a(libc_a-init.o)
                0x08000a34                __libc_init_array
 .text.SystemInit
                0x08000a7c       0x24 cmake/stm32cubemx/CMakeFiles/STM32_Drivers.dir/__/__/Core/Src/system_stm32f4xx.c.obj
                0x08000a7c                SystemInit
 .text.SystemCoreClockUpdate
                0x08000aa0       0xec cmake/stm32cubemx/CMakeFiles/STM32_Drivers.dir/__/__/Core/Src/system_stm32f4xx.c.obj
                0x08000aa0                SystemCoreClockUpdate
 .text.HAL_RCC_GetSysClockFreq
                0x08000b8c      0x20c cmake/stm32cubemx/CMakeFiles/STM32_Drivers.dir/__/__/Drivers/STM32F4xx_HAL_Driver/Src/stm32f4xx_hal_rcc.c.obj
                0x08000b8c                HAL_RCC_GetSysClockFreq
 .text.__NVIC_SetPriorityGrouping
                0x08000d98       0x48 cmake/stm32cubemx/CMakeFiles/STM32_Drivers.dir/__/__/Drivers/STM32F4xx_HAL_Driver/Src/stm32f4xx_hal_cortex.c.obj
 .text.__NVIC_GetPriorityGrouping
                0x08000de0       0x1c cmake/stm32cubemx/CMakeFiles/STM32_Drivers.dir/__/__/Drivers/STM32F4xx_HAL_Driver/Src/stm32f4xx_hal_cortex.c.obj
 .text.__NVIC_SetPriority
                0x08000dfc       0x54 cmake/stm32cubemx/CMakeFiles/STM32_Drivers.dir/__/__/Drivers/STM32F4xx_HAL_Driver/Src/stm32f4xx_hal_cortex.c.obj
 .text.NVIC_EncodePriority
                0x08000e50       0x66 cmake/stm32cubemx/CMakeFiles/STM32_Drivers.dir/__/__/Drivers/STM32F4xx_HAL_Driver/Src/stm32f4xx_hal_cortex.c.obj
 *fill*         0x08000eb6        0x2 
 .text.SysTick_Config
                0x08000eb8       0x44 cmake/stm32cubemx/CMakeFiles/STM32_Drivers.dir/__/__/Drivers/STM32F4xx_HAL_Driver/Src/stm32f4xx_hal_cortex.c.obj
 .text.HAL_NVIC_SetPriorityGrouping
                0x08000efc       0x16 cmake/stm32cubemx/CMakeFiles/STM32_Drivers.dir/__/__/Drivers/STM32F4xx_HAL_Driver/Src/stm32f4xx_hal_cortex.c.obj
                0x08000efc                HAL_NVIC_SetPriorityGrouping
 .text.HAL_NVIC_SetPriority
                0x08000f12       0x38 cmake/stm32cubemx/CMakeFiles/STM32_Drivers.dir/__/__/Drivers/STM32F4xx_HAL_Driver/Src/stm32f4xx_hal_cortex.c.obj
                0x08000f12                HAL_NVIC_SetPriority
 .text.HAL_SYSTICK_Config
                0x08000f4a       0x18 cmake/stm32cubemx/CMakeFiles/STM32_Drivers.dir/__/__/Drivers/STM32F4xx_HAL_Driver/Src/stm32f4xx_hal_cortex.c.obj
                0x08000f4a                HAL_SYSTICK_Config
 *fill*         0x08000f62        0x2 
 .text.HAL_Init
                0x08000f64       0x44 cmake/stm32cubemx/CMakeFiles/STM32_Drivers.dir/__/__/Drivers/STM32F4xx_HAL_Driver/Src/stm32f4xx_hal.c.obj
                0x08000f64                HAL_Init
 .text.HAL_InitTick
                0x08000fa8       0x60 cmake/stm32cubemx/CMakeFiles/STM32_Drivers.dir/__/__/Drivers/STM32F4xx_HAL_Driver/Src/stm32f4xx_hal.c.obj
                0x08000fa8                HAL_InitTick
 .text.HAL_IncTick
                0x08001008       0x28 cmake/stm32cubemx/CMakeFiles/STM32_Drivers.dir/__/__/Drivers/STM32F4xx_HAL_Driver/Src/stm32f4xx_hal.c.obj
                0x08001008                HAL_IncTick
 .text.SystemClock_Config
                0x08001030       0xf0 CMakeFiles/DRONE_VSCODE.dir/Core/Src/main.c.obj
                0x08001030                SystemClock_Config
 .text.Clock_Init
                0x08001120       0x1a CMakeFiles/DRONE_VSCODE.dir/Core/Src/main.c.obj
                0x08001120                Clock_Init
 *fill*         0x0800113a        0x2 
 .text.main     0x0800113c       0x34 CMakeFiles/DRONE_VSCODE.dir/Core/Src/main.c.obj
                0x0800113c                main
 .text.NMI_Handler
                0x08001170        0x8 CMakeFiles/DRONE_VSCODE.dir/Core/Src/stm32f4xx_it.c.obj
                0x08001170                NMI_Handler
 .text.HardFault_Handler
                0x08001178        0x8 CMakeFiles/DRONE_VSCODE.dir/Core/Src/stm32f4xx_it.c.obj
                0x08001178                HardFault_Handler
 .text.MemManage_Handler
                0x08001180        0x8 CMakeFiles/DRONE_VSCODE.dir/Core/Src/stm32f4xx_it.c.obj
                0x08001180                MemManage_Handler
 .text.BusFault_Handler
                0x08001188        0x8 CMakeFiles/DRONE_VSCODE.dir/Core/Src/stm32f4xx_it.c.obj
                0x08001188                BusFault_Handler
 .text.UsageFault_Handler
                0x08001190        0x8 CMakeFiles/DRONE_VSCODE.dir/Core/Src/stm32f4xx_it.c.obj
                0x08001190                UsageFault_Handler
 .text.SVC_Handler
                0x08001198        0xe CMakeFiles/DRONE_VSCODE.dir/Core/Src/stm32f4xx_it.c.obj
                0x08001198                SVC_Handler
 .text.DebugMon_Handler
                0x080011a6        0xe CMakeFiles/DRONE_VSCODE.dir/Core/Src/stm32f4xx_it.c.obj
                0x080011a6                DebugMon_Handler
 .text.PendSV_Handler
                0x080011b4        0xe CMakeFiles/DRONE_VSCODE.dir/Core/Src/stm32f4xx_it.c.obj
                0x080011b4                PendSV_Handler
 .text.SysTick_Handler
                0x080011c2        0xc CMakeFiles/DRONE_VSCODE.dir/Core/Src/stm32f4xx_it.c.obj
                0x080011c2                SysTick_Handler
 *fill*         0x080011ce        0x2 
 .text.HAL_MspInit
                0x080011d0       0x50 CMakeFiles/DRONE_VSCODE.dir/Core/Src/stm32f4xx_hal_msp.c.obj
                0x080011d0                HAL_MspInit
 .text.Reset_Handler
                0x08001220       0x50 CMakeFiles/DRONE_VSCODE.dir/startup_stm32f411xe.s.obj
                0x08001220                Reset_Handler
 .text.Default_Handler
                0x08001270        0x2 CMakeFiles/DRONE_VSCODE.dir/startup_stm32f411xe.s.obj
                0x08001270                RTC_Alarm_IRQHandler
                0x08001270                EXTI2_IRQHandler
                0x08001270                SPI4_IRQHandler
                0x08001270                TIM1_CC_IRQHandler
                0x08001270                DMA2_Stream5_IRQHandler
                0x08001270                DMA1_Stream5_IRQHandler
                0x08001270                PVD_IRQHandler
                0x08001270                SDIO_IRQHandler
                0x08001270                TAMP_STAMP_IRQHandler
                0x08001270                EXTI3_IRQHandler
                0x08001270                TIM1_UP_TIM10_IRQHandler
                0x08001270                I2C3_ER_IRQHandler
                0x08001270                EXTI0_IRQHandler
                0x08001270                I2C2_EV_IRQHandler
                0x08001270                DMA1_Stream2_IRQHandler
                0x08001270                FPU_IRQHandler
                0x08001270                DMA2_Stream2_IRQHandler
                0x08001270                SPI1_IRQHandler
                0x08001270                TIM1_BRK_TIM9_IRQHandler
                0x08001270                DMA2_Stream3_IRQHandler
                0x08001270                USART6_IRQHandler
                0x08001270                DMA2_Stream0_IRQHandler
                0x08001270                TIM4_IRQHandler
                0x08001270                I2C1_EV_IRQHandler
                0x08001270                DMA1_Stream6_IRQHandler
                0x08001270                DMA1_Stream1_IRQHandler
                0x08001270                TIM3_IRQHandler
                0x08001270                RCC_IRQHandler
                0x08001270                Default_Handler
                0x08001270                EXTI15_10_IRQHandler
                0x08001270                ADC_IRQHandler
                0x08001270                DMA1_Stream7_IRQHandler
                0x08001270                SPI5_IRQHandler
                0x08001270                TIM5_IRQHandler
                0x08001270                DMA2_Stream7_IRQHandler
                0x08001270                I2C3_EV_IRQHandler
                0x08001270                EXTI9_5_IRQHandler
                0x08001270                RTC_WKUP_IRQHandler
                0x08001270                SPI2_IRQHandler
                0x08001270                DMA1_Stream0_IRQHandler
                0x08001270                EXTI4_IRQHandler
                0x08001270                WWDG_IRQHandler
                0x08001270                TIM2_IRQHandler
                0x08001270                OTG_FS_WKUP_IRQHandler
                0x08001270                TIM1_TRG_COM_TIM11_IRQHandler
                0x08001270                EXTI1_IRQHandler
                0x08001270                USART2_IRQHandler
                0x08001270                I2C2_ER_IRQHandler
                0x08001270                DMA2_Stream1_IRQHandler
                0x08001270                FLASH_IRQHandler
                0x08001270                DMA2_Stream4_IRQHandler
                0x08001270                USART1_IRQHandler
                0x08001270                OTG_FS_IRQHandler
                0x08001270                SPI3_IRQHandler
                0x08001270                DMA1_Stream4_IRQHandler
                0x08001270                I2C1_ER_IRQHandler
                0x08001270                DMA2_Stream6_IRQHandler
                0x08001270                DMA1_Stream3_IRQHandler
 *fill*         0x08001272        0x2 
 .text.gpio_pwm_init
                0x08001274       0x54 CMakeFiles/DRONE_VSCODE.dir/Core/User/motor/motor.c.obj
 .text.motor_pwm_init
                0x080012c8       0xec CMakeFiles/DRONE_VSCODE.dir/Core/User/motor/motor.c.obj
                0x080012c8                motor_pwm_init
 .text.motor_pwm_set
                0x080013b4       0x80 CMakeFiles/DRONE_VSCODE.dir/Core/User/motor/motor.c.obj
                0x080013b4                motor_pwm_set
 .text.__udivmoddi4
                0x08001434      0x2f8 C:/PROGRA~2/Arm GNU Toolchain arm-none-eabi/14.3 rel1/bin/../lib/gcc/arm-none-eabi/14.3.1/thumb/v7e-m+fp/hard\libgcc.a(_udivmoddi4.o)
                0x08001434                __udivmoddi4
 *(.glue_7)
 .glue_7        0x0800172c        0x0 linker stubs
 *(.glue_7t)
 .glue_7t       0x0800172c        0x0 linker stubs
 *(.eh_frame)
 .eh_frame      0x0800172c        0x0 C:/PROGRA~2/Arm GNU Toolchain arm-none-eabi/14.3 rel1/bin/../lib/gcc/arm-none-eabi/14.3.1/thumb/v7e-m+fp/hard/crtbegin.o
 *(.init)
 .init          0x0800172c        0x4 C:/PROGRA~2/Arm GNU Toolchain arm-none-eabi/14.3 rel1/bin/../lib/gcc/arm-none-eabi/14.3.1/thumb/v7e-m+fp/hard/crti.o
                0x0800172c                _init
 .init          0x08001730        0x8 C:/PROGRA~2/Arm GNU Toolchain arm-none-eabi/14.3 rel1/bin/../lib/gcc/arm-none-eabi/14.3.1/thumb/v7e-m+fp/hard/crtn.o
 *(.fini)
 .fini          0x08001738        0x4 C:/PROGRA~2/Arm GNU Toolchain arm-none-eabi/14.3 rel1/bin/../lib/gcc/arm-none-eabi/14.3.1/thumb/v7e-m+fp/hard/crti.o
                0x08001738                _fini
 .fini          0x0800173c        0x8 C:/PROGRA~2/Arm GNU Toolchain arm-none-eabi/14.3 rel1/bin/../lib/gcc/arm-none-eabi/14.3.1/thumb/v7e-m+fp/hard/crtn.o
                0x08001744                        . = ALIGN (0x4)
                0x08001744                        _etext = .

.vfp11_veneer   0x08001744        0x0
 .vfp11_veneer  0x08001744        0x0 linker stubs

.v4_bx          0x08001744        0x0
 .v4_bx         0x08001744        0x0 linker stubs

.iplt           0x08001744        0x0
 .iplt          0x08001744        0x0 C:/PROGRA~2/Arm GNU Toolchain arm-none-eabi/14.3 rel1/bin/../lib/gcc/arm-none-eabi/14.3.1/thumb/v7e-m+fp/hard/crtbegin.o

.rodata         0x08001744       0x10
                0x08001744                        . = ALIGN (0x4)
 *(.rodata)
 *(.rodata*)
 .rodata.AHBPrescTable
                0x08001744       0x10 cmake/stm32cubemx/CMakeFiles/STM32_Drivers.dir/__/__/Core/Src/system_stm32f4xx.c.obj
                0x08001744                AHBPrescTable
                0x08001754                        . = ALIGN (0x4)

.ARM.extab      0x08001754        0x0
                0x08001754                        . = ALIGN (0x4)
 *(.ARM.extab* .gnu.linkonce.armextab.*)
                0x08001754                        . = ALIGN (0x4)

.ARM            0x08001754        0x8
                0x08001754                        . = ALIGN (0x4)
                0x08001754                        __exidx_start = .
 *(.ARM.exidx*)
 .ARM.exidx.text.__udivmoddi4
                0x08001754        0x8 C:/PROGRA~2/Arm GNU Toolchain arm-none-eabi/14.3 rel1/bin/../lib/gcc/arm-none-eabi/14.3.1/thumb/v7e-m+fp/hard\libgcc.a(_udivmoddi4.o)
                0x0800175c                        __exidx_end = .
                0x0800175c                        . = ALIGN (0x4)

.preinit_array  0x0800175c        0x0
                0x0800175c                        . = ALIGN (0x4)
                0x0800175c                        PROVIDE (__preinit_array_start = .)
 *(.preinit_array*)
                0x0800175c                        PROVIDE (__preinit_array_end = .)
                0x0800175c                        . = ALIGN (0x4)

.init_array     0x0800175c        0x4
                0x0800175c                        . = ALIGN (0x4)
                0x0800175c                        PROVIDE (__init_array_start = .)
 *(SORT_BY_NAME(.init_array.*))
 *(.init_array*)
 .init_array    0x0800175c        0x4 C:/PROGRA~2/Arm GNU Toolchain arm-none-eabi/14.3 rel1/bin/../lib/gcc/arm-none-eabi/14.3.1/thumb/v7e-m+fp/hard/crtbegin.o
                0x08001760                        PROVIDE (__init_array_end = .)
                0x08001760                        . = ALIGN (0x4)

.fini_array     0x08001760        0x4
                0x08001760                        . = ALIGN (0x4)
                [!provide]                        PROVIDE (__fini_array_start = .)
 *(SORT_BY_NAME(.fini_array.*))
 *(.fini_array*)
 .fini_array    0x08001760        0x4 C:/PROGRA~2/Arm GNU Toolchain arm-none-eabi/14.3 rel1/bin/../lib/gcc/arm-none-eabi/14.3.1/thumb/v7e-m+fp/hard/crtbegin.o
                [!provide]                        PROVIDE (__fini_array_end = .)
                0x08001764                        . = ALIGN (0x4)
                0x08001764                        _sidata = LOADADDR (.data)

.rel.dyn        0x08001764        0x0
 .rel.iplt      0x08001764        0x0 C:/PROGRA~2/Arm GNU Toolchain arm-none-eabi/14.3 rel1/bin/../lib/gcc/arm-none-eabi/14.3.1/thumb/v7e-m+fp/hard/crtbegin.o

.data           0x20000000        0xc load address 0x08001764
                0x20000000                        . = ALIGN (0x4)
                0x20000000                        _sdata = .
 *(.data)
 *(.data*)
 .data.SystemCoreClock
                0x20000000        0x4 cmake/stm32cubemx/CMakeFiles/STM32_Drivers.dir/__/__/Core/Src/system_stm32f4xx.c.obj
                0x20000000                SystemCoreClock
 .data.uwTickPrio
                0x20000004        0x4 cmake/stm32cubemx/CMakeFiles/STM32_Drivers.dir/__/__/Drivers/STM32F4xx_HAL_Driver/Src/stm32f4xx_hal.c.obj
                0x20000004                uwTickPrio
 .data.uwTickFreq
                0x20000008        0x1 cmake/stm32cubemx/CMakeFiles/STM32_Drivers.dir/__/__/Drivers/STM32F4xx_HAL_Driver/Src/stm32f4xx_hal.c.obj
                0x20000008                uwTickFreq
 *(.RamFunc)
 *(.RamFunc*)
                0x2000000c                        . = ALIGN (0x4)
 *fill*         0x20000009        0x3 
                0x2000000c                        _edata = .

.tm_clone_table
                0x2000000c        0x0 load address 0x08001770
 .tm_clone_table
                0x2000000c        0x0 C:/PROGRA~2/Arm GNU Toolchain arm-none-eabi/14.3 rel1/bin/../lib/gcc/arm-none-eabi/14.3.1/thumb/v7e-m+fp/hard/crtbegin.o
 .tm_clone_table
                0x2000000c        0x0 C:/PROGRA~2/Arm GNU Toolchain arm-none-eabi/14.3 rel1/bin/../lib/gcc/arm-none-eabi/14.3.1/thumb/v7e-m+fp/hard/crtend.o

.igot.plt       0x2000000c        0x0 load address 0x08001770
 .igot.plt      0x2000000c        0x0 C:/PROGRA~2/Arm GNU Toolchain arm-none-eabi/14.3 rel1/bin/../lib/gcc/arm-none-eabi/14.3.1/thumb/v7e-m+fp/hard/crtbegin.o
                0x2000000c                        . = ALIGN (0x4)

.bss            0x2000000c       0x20 load address 0x08001770
                0x2000000c                        _sbss = .
                0x2000000c                        __bss_start__ = _sbss
 *(.bss)
 *(.bss*)
 .bss.completed.1
                0x2000000c        0x1 C:/PROGRA~2/Arm GNU Toolchain arm-none-eabi/14.3 rel1/bin/../lib/gcc/arm-none-eabi/14.3.1/thumb/v7e-m+fp/hard/crtbegin.o
 *fill*         0x2000000d        0x3 
 .bss.object.0  0x20000010       0x18 C:/PROGRA~2/Arm GNU Toolchain arm-none-eabi/14.3 rel1/bin/../lib/gcc/arm-none-eabi/14.3.1/thumb/v7e-m+fp/hard/crtbegin.o
 .bss.uwTick    0x20000028        0x4 cmake/stm32cubemx/CMakeFiles/STM32_Drivers.dir/__/__/Drivers/STM32F4xx_HAL_Driver/Src/stm32f4xx_hal.c.obj
                0x20000028                uwTick
 *(COMMON)
                0x2000002c                        . = ALIGN (0x4)
                0x2000002c                        _ebss = .
                0x2000002c                        __bss_end__ = _ebss

._user_heap_stack
                0x2000002c      0x604 load address 0x08001770
                0x20000030                        . = ALIGN (0x8)
 *fill*         0x2000002c        0x4 
                [!provide]                        PROVIDE (end = .)
                0x20000030                        PROVIDE (_end = .)
                0x20000230                        . = (. + _Min_Heap_Size)
 *fill*         0x20000030      0x200 
                0x20000630                        . = (. + _Min_Stack_Size)
 *fill*         0x20000230      0x400 
                0x20000630                        . = ALIGN (0x8)

/DISCARD/
 libc.a(*)
 libm.a(*)
 libgcc.a(*)
OUTPUT(DRONE_VSCODE.elf elf32-littlearm)
LOAD linker stubs
LOAD C:/PROGRA~2/Arm GNU Toolchain arm-none-eabi/14.3 rel1/bin/../lib/gcc/arm-none-eabi/14.3.1/../../../../arm-none-eabi/lib/thumb/v7e-m+fp/hard\libc.a
LOAD C:/PROGRA~2/Arm GNU Toolchain arm-none-eabi/14.3 rel1/bin/../lib/gcc/arm-none-eabi/14.3.1/../../../../arm-none-eabi/lib/thumb/v7e-m+fp/hard\libm.a
LOAD C:/PROGRA~2/Arm GNU Toolchain arm-none-eabi/14.3 rel1/bin/../lib/gcc/arm-none-eabi/14.3.1/thumb/v7e-m+fp/hard\libgcc.a

.ARM.attributes
                0x00000000       0x30
 .ARM.attributes
                0x00000000       0x22 C:/PROGRA~2/Arm GNU Toolchain arm-none-eabi/14.3 rel1/bin/../lib/gcc/arm-none-eabi/14.3.1/thumb/v7e-m+fp/hard/crti.o
 .ARM.attributes
                0x00000022       0x34 C:/PROGRA~2/Arm GNU Toolchain arm-none-eabi/14.3 rel1/bin/../lib/gcc/arm-none-eabi/14.3.1/thumb/v7e-m+fp/hard/crtbegin.o
 .ARM.attributes
                0x00000056       0x34 C:/PROGRA~2/Arm GNU Toolchain arm-none-eabi/14.3 rel1/bin/../lib/gcc/arm-none-eabi/14.3.1/../../../../arm-none-eabi/lib/thumb/v7e-m+fp/hard\libc_nano.a(libc_a-init.o)
 .ARM.attributes
                0x0000008a       0x34 cmake/stm32cubemx/CMakeFiles/STM32_Drivers.dir/__/__/Core/Src/system_stm32f4xx.c.obj
 .ARM.attributes
                0x000000be       0x34 cmake/stm32cubemx/CMakeFiles/STM32_Drivers.dir/__/__/Drivers/STM32F4xx_HAL_Driver/Src/stm32f4xx_hal_rcc.c.obj
 .ARM.attributes
                0x000000f2       0x34 cmake/stm32cubemx/CMakeFiles/STM32_Drivers.dir/__/__/Drivers/STM32F4xx_HAL_Driver/Src/stm32f4xx_hal_cortex.c.obj
 .ARM.attributes
                0x00000126       0x34 cmake/stm32cubemx/CMakeFiles/STM32_Drivers.dir/__/__/Drivers/STM32F4xx_HAL_Driver/Src/stm32f4xx_hal.c.obj
 .ARM.attributes
                0x0000015a       0x34 CMakeFiles/DRONE_VSCODE.dir/Core/Src/main.c.obj
 .ARM.attributes
                0x0000018e       0x34 CMakeFiles/DRONE_VSCODE.dir/Core/Src/stm32f4xx_it.c.obj
 .ARM.attributes
                0x000001c2       0x34 CMakeFiles/DRONE_VSCODE.dir/Core/Src/stm32f4xx_hal_msp.c.obj
 .ARM.attributes
                0x000001f6       0x21 CMakeFiles/DRONE_VSCODE.dir/startup_stm32f411xe.s.obj
 .ARM.attributes
                0x00000217       0x34 CMakeFiles/DRONE_VSCODE.dir/Core/User/motor/motor.c.obj
 .ARM.attributes
                0x0000024b       0x22 C:/PROGRA~2/Arm GNU Toolchain arm-none-eabi/14.3 rel1/bin/../lib/gcc/arm-none-eabi/14.3.1/thumb/v7e-m+fp/hard\libgcc.a(_arm_addsubdf3.o)
 .ARM.attributes
                0x0000026d       0x22 C:/PROGRA~2/Arm GNU Toolchain arm-none-eabi/14.3 rel1/bin/../lib/gcc/arm-none-eabi/14.3.1/thumb/v7e-m+fp/hard\libgcc.a(_arm_muldivdf3.o)
 .ARM.attributes
                0x0000028f       0x22 C:/PROGRA~2/Arm GNU Toolchain arm-none-eabi/14.3 rel1/bin/../lib/gcc/arm-none-eabi/14.3.1/thumb/v7e-m+fp/hard\libgcc.a(_arm_fixunsdfsi.o)
 .ARM.attributes
                0x000002b1       0x22 C:/PROGRA~2/Arm GNU Toolchain arm-none-eabi/14.3 rel1/bin/../lib/gcc/arm-none-eabi/14.3.1/thumb/v7e-m+fp/hard\libgcc.a(_aeabi_uldivmod.o)
 .ARM.attributes
                0x000002d3       0x34 C:/PROGRA~2/Arm GNU Toolchain arm-none-eabi/14.3 rel1/bin/../lib/gcc/arm-none-eabi/14.3.1/thumb/v7e-m+fp/hard\libgcc.a(_udivmoddi4.o)
 .ARM.attributes
                0x00000307       0x22 C:/PROGRA~2/Arm GNU Toolchain arm-none-eabi/14.3 rel1/bin/../lib/gcc/arm-none-eabi/14.3.1/thumb/v7e-m+fp/hard\libgcc.a(_dvmd_tls.o)
 .ARM.attributes
                0x00000329       0x34 C:/PROGRA~2/Arm GNU Toolchain arm-none-eabi/14.3 rel1/bin/../lib/gcc/arm-none-eabi/14.3.1/thumb/v7e-m+fp/hard/crtend.o
 .ARM.attributes
                0x0000035d       0x22 C:/PROGRA~2/Arm GNU Toolchain arm-none-eabi/14.3 rel1/bin/../lib/gcc/arm-none-eabi/14.3.1/thumb/v7e-m+fp/hard/crtn.o

.comment        0x00000000       0x46
 .comment       0x00000000       0x46 cmake/stm32cubemx/CMakeFiles/STM32_Drivers.dir/__/__/Core/Src/system_stm32f4xx.c.obj
                                 0x47 (size before relaxing)
 .comment       0x00000046       0x47 cmake/stm32cubemx/CMakeFiles/STM32_Drivers.dir/__/__/Drivers/STM32F4xx_HAL_Driver/Src/stm32f4xx_hal_rcc.c.obj
 .comment       0x00000046       0x47 cmake/stm32cubemx/CMakeFiles/STM32_Drivers.dir/__/__/Drivers/STM32F4xx_HAL_Driver/Src/stm32f4xx_hal_cortex.c.obj
 .comment       0x00000046       0x47 cmake/stm32cubemx/CMakeFiles/STM32_Drivers.dir/__/__/Drivers/STM32F4xx_HAL_Driver/Src/stm32f4xx_hal.c.obj
 .comment       0x00000046       0x47 CMakeFiles/DRONE_VSCODE.dir/Core/Src/main.c.obj
 .comment       0x00000046       0x47 CMakeFiles/DRONE_VSCODE.dir/Core/Src/stm32f4xx_it.c.obj
 .comment       0x00000046       0x47 CMakeFiles/DRONE_VSCODE.dir/Core/Src/stm32f4xx_hal_msp.c.obj
 .comment       0x00000046       0x47 CMakeFiles/DRONE_VSCODE.dir/Core/User/motor/motor.c.obj

.debug_frame    0x00000000      0xfec
 .debug_frame   0x00000000       0x2c C:/PROGRA~2/Arm GNU Toolchain arm-none-eabi/14.3 rel1/bin/../lib/gcc/arm-none-eabi/14.3.1/../../../../arm-none-eabi/lib/thumb/v7e-m+fp/hard\libc_nano.a(libc_a-init.o)
 .debug_frame   0x0000002c       0x58 cmake/stm32cubemx/CMakeFiles/STM32_Drivers.dir/__/__/Core/Src/system_stm32f4xx.c.obj
 .debug_frame   0x00000084      0x1f4 cmake/stm32cubemx/CMakeFiles/STM32_Drivers.dir/__/__/Drivers/STM32F4xx_HAL_Driver/Src/stm32f4xx_hal_rcc.c.obj
 .debug_frame   0x00000278      0x508 cmake/stm32cubemx/CMakeFiles/STM32_Drivers.dir/__/__/Drivers/STM32F4xx_HAL_Driver/Src/stm32f4xx_hal_cortex.c.obj
 .debug_frame   0x00000780      0x374 cmake/stm32cubemx/CMakeFiles/STM32_Drivers.dir/__/__/Drivers/STM32F4xx_HAL_Driver/Src/stm32f4xx_hal.c.obj
 .debug_frame   0x00000af4      0x1bc CMakeFiles/DRONE_VSCODE.dir/Core/Src/main.c.obj
 .debug_frame   0x00000cb0      0x104 CMakeFiles/DRONE_VSCODE.dir/Core/Src/stm32f4xx_it.c.obj
 .debug_frame   0x00000db4       0x38 CMakeFiles/DRONE_VSCODE.dir/Core/Src/stm32f4xx_hal_msp.c.obj
 .debug_frame   0x00000dec       0x80 CMakeFiles/DRONE_VSCODE.dir/Core/User/motor/motor.c.obj
 .debug_frame   0x00000e6c       0xac C:/PROGRA~2/Arm GNU Toolchain arm-none-eabi/14.3 rel1/bin/../lib/gcc/arm-none-eabi/14.3.1/thumb/v7e-m+fp/hard\libgcc.a(_arm_addsubdf3.o)
 .debug_frame   0x00000f18       0x50 C:/PROGRA~2/Arm GNU Toolchain arm-none-eabi/14.3 rel1/bin/../lib/gcc/arm-none-eabi/14.3.1/thumb/v7e-m+fp/hard\libgcc.a(_arm_muldivdf3.o)
 .debug_frame   0x00000f68       0x24 C:/PROGRA~2/Arm GNU Toolchain arm-none-eabi/14.3 rel1/bin/../lib/gcc/arm-none-eabi/14.3.1/thumb/v7e-m+fp/hard\libgcc.a(_arm_fixunsdfsi.o)
 .debug_frame   0x00000f8c       0x2c C:/PROGRA~2/Arm GNU Toolchain arm-none-eabi/14.3 rel1/bin/../lib/gcc/arm-none-eabi/14.3.1/thumb/v7e-m+fp/hard\libgcc.a(_aeabi_uldivmod.o)
 .debug_frame   0x00000fb8       0x34 C:/PROGRA~2/Arm GNU Toolchain arm-none-eabi/14.3 rel1/bin/../lib/gcc/arm-none-eabi/14.3.1/thumb/v7e-m+fp/hard\libgcc.a(_udivmoddi4.o)

.debug_info     0x00000000     0x337a
 .debug_info    0x00000000      0x53e cmake/stm32cubemx/CMakeFiles/STM32_Drivers.dir/__/__/Core/Src/system_stm32f4xx.c.obj
 .debug_info    0x0000053e      0x904 cmake/stm32cubemx/CMakeFiles/STM32_Drivers.dir/__/__/Drivers/STM32F4xx_HAL_Driver/Src/stm32f4xx_hal_rcc.c.obj
 .debug_info    0x00000e42      0xcfc cmake/stm32cubemx/CMakeFiles/STM32_Drivers.dir/__/__/Drivers/STM32F4xx_HAL_Driver/Src/stm32f4xx_hal_cortex.c.obj
 .debug_info    0x00001b3e      0x8c4 cmake/stm32cubemx/CMakeFiles/STM32_Drivers.dir/__/__/Drivers/STM32F4xx_HAL_Driver/Src/stm32f4xx_hal.c.obj
 .debug_info    0x00002402      0x714 CMakeFiles/DRONE_VSCODE.dir/Core/Src/main.c.obj
 .debug_info    0x00002b16      0x112 CMakeFiles/DRONE_VSCODE.dir/Core/Src/stm32f4xx_it.c.obj
 .debug_info    0x00002c28      0x291 CMakeFiles/DRONE_VSCODE.dir/Core/Src/stm32f4xx_hal_msp.c.obj
 .debug_info    0x00002eb9       0x30 CMakeFiles/DRONE_VSCODE.dir/startup_stm32f411xe.s.obj
 .debug_info    0x00002ee9      0x491 CMakeFiles/DRONE_VSCODE.dir/Core/User/motor/motor.c.obj

.debug_abbrev   0x00000000      0xe6c
 .debug_abbrev  0x00000000      0x11a cmake/stm32cubemx/CMakeFiles/STM32_Drivers.dir/__/__/Core/Src/system_stm32f4xx.c.obj
 .debug_abbrev  0x0000011a      0x2b6 cmake/stm32cubemx/CMakeFiles/STM32_Drivers.dir/__/__/Drivers/STM32F4xx_HAL_Driver/Src/stm32f4xx_hal_rcc.c.obj
 .debug_abbrev  0x000003d0      0x31d cmake/stm32cubemx/CMakeFiles/STM32_Drivers.dir/__/__/Drivers/STM32F4xx_HAL_Driver/Src/stm32f4xx_hal_cortex.c.obj
 .debug_abbrev  0x000006ed      0x24b cmake/stm32cubemx/CMakeFiles/STM32_Drivers.dir/__/__/Drivers/STM32F4xx_HAL_Driver/Src/stm32f4xx_hal.c.obj
 .debug_abbrev  0x00000938      0x2a3 CMakeFiles/DRONE_VSCODE.dir/Core/Src/main.c.obj
 .debug_abbrev  0x00000bdb       0x73 CMakeFiles/DRONE_VSCODE.dir/Core/Src/stm32f4xx_it.c.obj
 .debug_abbrev  0x00000c4e       0xd8 CMakeFiles/DRONE_VSCODE.dir/Core/Src/stm32f4xx_hal_msp.c.obj
 .debug_abbrev  0x00000d26       0x24 CMakeFiles/DRONE_VSCODE.dir/startup_stm32f411xe.s.obj
 .debug_abbrev  0x00000d4a      0x122 CMakeFiles/DRONE_VSCODE.dir/Core/User/motor/motor.c.obj

.debug_aranges  0x00000000      0x430
 .debug_aranges
                0x00000000       0x28 cmake/stm32cubemx/CMakeFiles/STM32_Drivers.dir/__/__/Core/Src/system_stm32f4xx.c.obj
 .debug_aranges
                0x00000028       0x88 cmake/stm32cubemx/CMakeFiles/STM32_Drivers.dir/__/__/Drivers/STM32F4xx_HAL_Driver/Src/stm32f4xx_hal_rcc.c.obj
 .debug_aranges
                0x000000b0      0x130 cmake/stm32cubemx/CMakeFiles/STM32_Drivers.dir/__/__/Drivers/STM32F4xx_HAL_Driver/Src/stm32f4xx_hal_cortex.c.obj
 .debug_aranges
                0x000001e0       0xf0 cmake/stm32cubemx/CMakeFiles/STM32_Drivers.dir/__/__/Drivers/STM32F4xx_HAL_Driver/Src/stm32f4xx_hal.c.obj
 .debug_aranges
                0x000002d0       0x88 CMakeFiles/DRONE_VSCODE.dir/Core/Src/main.c.obj
 .debug_aranges
                0x00000358       0x60 CMakeFiles/DRONE_VSCODE.dir/Core/Src/stm32f4xx_it.c.obj
 .debug_aranges
                0x000003b8       0x20 CMakeFiles/DRONE_VSCODE.dir/Core/Src/stm32f4xx_hal_msp.c.obj
 .debug_aranges
                0x000003d8       0x28 CMakeFiles/DRONE_VSCODE.dir/startup_stm32f411xe.s.obj
 .debug_aranges
                0x00000400       0x30 CMakeFiles/DRONE_VSCODE.dir/Core/User/motor/motor.c.obj

.debug_rnglists
                0x00000000      0x306
 .debug_rnglists
                0x00000000       0x1a cmake/stm32cubemx/CMakeFiles/STM32_Drivers.dir/__/__/Core/Src/system_stm32f4xx.c.obj
 .debug_rnglists
                0x0000001a       0x66 cmake/stm32cubemx/CMakeFiles/STM32_Drivers.dir/__/__/Drivers/STM32F4xx_HAL_Driver/Src/stm32f4xx_hal_rcc.c.obj
 .debug_rnglists
                0x00000080       0xe0 cmake/stm32cubemx/CMakeFiles/STM32_Drivers.dir/__/__/Drivers/STM32F4xx_HAL_Driver/Src/stm32f4xx_hal_cortex.c.obj
 .debug_rnglists
                0x00000160       0xaf cmake/stm32cubemx/CMakeFiles/STM32_Drivers.dir/__/__/Drivers/STM32F4xx_HAL_Driver/Src/stm32f4xx_hal.c.obj
 .debug_rnglists
                0x0000020f       0x67 CMakeFiles/DRONE_VSCODE.dir/Core/Src/main.c.obj
 .debug_rnglists
                0x00000276       0x43 CMakeFiles/DRONE_VSCODE.dir/Core/Src/stm32f4xx_it.c.obj
 .debug_rnglists
                0x000002b9       0x13 CMakeFiles/DRONE_VSCODE.dir/Core/Src/stm32f4xx_hal_msp.c.obj
 .debug_rnglists
                0x000002cc       0x19 CMakeFiles/DRONE_VSCODE.dir/startup_stm32f411xe.s.obj
 .debug_rnglists
                0x000002e5       0x21 CMakeFiles/DRONE_VSCODE.dir/Core/User/motor/motor.c.obj

.debug_macro    0x00000000    0x15c7f
 .debug_macro   0x00000000      0x1b0 cmake/stm32cubemx/CMakeFiles/STM32_Drivers.dir/__/__/Core/Src/system_stm32f4xx.c.obj
 .debug_macro   0x000001b0      0xad8 cmake/stm32cubemx/CMakeFiles/STM32_Drivers.dir/__/__/Core/Src/system_stm32f4xx.c.obj
 .debug_macro   0x00000c88       0x2e cmake/stm32cubemx/CMakeFiles/STM32_Drivers.dir/__/__/Core/Src/system_stm32f4xx.c.obj
 .debug_macro   0x00000cb6       0x28 cmake/stm32cubemx/CMakeFiles/STM32_Drivers.dir/__/__/Core/Src/system_stm32f4xx.c.obj
 .debug_macro   0x00000cde       0x22 cmake/stm32cubemx/CMakeFiles/STM32_Drivers.dir/__/__/Core/Src/system_stm32f4xx.c.obj
 .debug_macro   0x00000d00       0x8e cmake/stm32cubemx/CMakeFiles/STM32_Drivers.dir/__/__/Core/Src/system_stm32f4xx.c.obj
 .debug_macro   0x00000d8e       0x51 cmake/stm32cubemx/CMakeFiles/STM32_Drivers.dir/__/__/Core/Src/system_stm32f4xx.c.obj
 .debug_macro   0x00000ddf      0x103 cmake/stm32cubemx/CMakeFiles/STM32_Drivers.dir/__/__/Core/Src/system_stm32f4xx.c.obj
 .debug_macro   0x00000ee2       0x6a cmake/stm32cubemx/CMakeFiles/STM32_Drivers.dir/__/__/Core/Src/system_stm32f4xx.c.obj
 .debug_macro   0x00000f4c      0x1df cmake/stm32cubemx/CMakeFiles/STM32_Drivers.dir/__/__/Core/Src/system_stm32f4xx.c.obj
 .debug_macro   0x0000112b       0x1c cmake/stm32cubemx/CMakeFiles/STM32_Drivers.dir/__/__/Core/Src/system_stm32f4xx.c.obj
 .debug_macro   0x00001147       0x22 cmake/stm32cubemx/CMakeFiles/STM32_Drivers.dir/__/__/Core/Src/system_stm32f4xx.c.obj
 .debug_macro   0x00001169       0xfb cmake/stm32cubemx/CMakeFiles/STM32_Drivers.dir/__/__/Core/Src/system_stm32f4xx.c.obj
 .debug_macro   0x00001264     0x1011 cmake/stm32cubemx/CMakeFiles/STM32_Drivers.dir/__/__/Core/Src/system_stm32f4xx.c.obj
 .debug_macro   0x00002275      0x11f cmake/stm32cubemx/CMakeFiles/STM32_Drivers.dir/__/__/Core/Src/system_stm32f4xx.c.obj
 .debug_macro   0x00002394     0xb968 cmake/stm32cubemx/CMakeFiles/STM32_Drivers.dir/__/__/Core/Src/system_stm32f4xx.c.obj
 .debug_macro   0x0000dcfc       0x6d cmake/stm32cubemx/CMakeFiles/STM32_Drivers.dir/__/__/Core/Src/system_stm32f4xx.c.obj
 .debug_macro   0x0000dd69      0x28f cmake/stm32cubemx/CMakeFiles/STM32_Drivers.dir/__/__/Core/Src/system_stm32f4xx.c.obj
 .debug_macro   0x0000dff8     0x3693 cmake/stm32cubemx/CMakeFiles/STM32_Drivers.dir/__/__/Core/Src/system_stm32f4xx.c.obj
 .debug_macro   0x0001168b      0x190 cmake/stm32cubemx/CMakeFiles/STM32_Drivers.dir/__/__/Core/Src/system_stm32f4xx.c.obj
 .debug_macro   0x0001181b       0x5c cmake/stm32cubemx/CMakeFiles/STM32_Drivers.dir/__/__/Core/Src/system_stm32f4xx.c.obj
 .debug_macro   0x00011877      0x45c cmake/stm32cubemx/CMakeFiles/STM32_Drivers.dir/__/__/Core/Src/system_stm32f4xx.c.obj
 .debug_macro   0x00011cd3      0x9e9 cmake/stm32cubemx/CMakeFiles/STM32_Drivers.dir/__/__/Core/Src/system_stm32f4xx.c.obj
 .debug_macro   0x000126bc      0x115 cmake/stm32cubemx/CMakeFiles/STM32_Drivers.dir/__/__/Core/Src/system_stm32f4xx.c.obj
 .debug_macro   0x000127d1      0x11b cmake/stm32cubemx/CMakeFiles/STM32_Drivers.dir/__/__/Core/Src/system_stm32f4xx.c.obj
 .debug_macro   0x000128ec       0xa5 cmake/stm32cubemx/CMakeFiles/STM32_Drivers.dir/__/__/Core/Src/system_stm32f4xx.c.obj
 .debug_macro   0x00012991      0x15f cmake/stm32cubemx/CMakeFiles/STM32_Drivers.dir/__/__/Core/Src/system_stm32f4xx.c.obj
 .debug_macro   0x00012af0      0x287 cmake/stm32cubemx/CMakeFiles/STM32_Drivers.dir/__/__/Core/Src/system_stm32f4xx.c.obj
 .debug_macro   0x00012d77       0x5f cmake/stm32cubemx/CMakeFiles/STM32_Drivers.dir/__/__/Core/Src/system_stm32f4xx.c.obj
 .debug_macro   0x00012dd6      0x236 cmake/stm32cubemx/CMakeFiles/STM32_Drivers.dir/__/__/Core/Src/system_stm32f4xx.c.obj
 .debug_macro   0x0001300c      0x132 cmake/stm32cubemx/CMakeFiles/STM32_Drivers.dir/__/__/Core/Src/system_stm32f4xx.c.obj
 .debug_macro   0x0001313e      0x264 cmake/stm32cubemx/CMakeFiles/STM32_Drivers.dir/__/__/Core/Src/system_stm32f4xx.c.obj
 .debug_macro   0x000133a2       0x2e cmake/stm32cubemx/CMakeFiles/STM32_Drivers.dir/__/__/Core/Src/system_stm32f4xx.c.obj
 .debug_macro   0x000133d0      0x127 cmake/stm32cubemx/CMakeFiles/STM32_Drivers.dir/__/__/Core/Src/system_stm32f4xx.c.obj
 .debug_macro   0x000134f7       0x85 cmake/stm32cubemx/CMakeFiles/STM32_Drivers.dir/__/__/Core/Src/system_stm32f4xx.c.obj
 .debug_macro   0x0001357c       0x89 cmake/stm32cubemx/CMakeFiles/STM32_Drivers.dir/__/__/Core/Src/system_stm32f4xx.c.obj
 .debug_macro   0x00013605      0x126 cmake/stm32cubemx/CMakeFiles/STM32_Drivers.dir/__/__/Core/Src/system_stm32f4xx.c.obj
 .debug_macro   0x0001372b      0x1d4 cmake/stm32cubemx/CMakeFiles/STM32_Drivers.dir/__/__/Drivers/STM32F4xx_HAL_Driver/Src/stm32f4xx_hal_rcc.c.obj
 .debug_macro   0x000138ff      0x1b0 cmake/stm32cubemx/CMakeFiles/STM32_Drivers.dir/__/__/Drivers/STM32F4xx_HAL_Driver/Src/stm32f4xx_hal_cortex.c.obj
 .debug_macro   0x00013aaf      0x210 cmake/stm32cubemx/CMakeFiles/STM32_Drivers.dir/__/__/Drivers/STM32F4xx_HAL_Driver/Src/stm32f4xx_hal.c.obj
 .debug_macro   0x00013cbf      0x2b2 CMakeFiles/DRONE_VSCODE.dir/Core/Src/main.c.obj
 .debug_macro   0x00013f71      0xade CMakeFiles/DRONE_VSCODE.dir/Core/Src/main.c.obj
 .debug_macro   0x00014a4f      0x289 CMakeFiles/DRONE_VSCODE.dir/Core/Src/main.c.obj
 .debug_macro   0x00014cd8       0x16 CMakeFiles/DRONE_VSCODE.dir/Core/Src/main.c.obj
 .debug_macro   0x00014cee       0xd0 CMakeFiles/DRONE_VSCODE.dir/Core/Src/main.c.obj
 .debug_macro   0x00014dbe       0x22 CMakeFiles/DRONE_VSCODE.dir/Core/Src/main.c.obj
 .debug_macro   0x00014de0       0x7b CMakeFiles/DRONE_VSCODE.dir/Core/Src/main.c.obj
 .debug_macro   0x00014e5b       0x2a CMakeFiles/DRONE_VSCODE.dir/Core/Src/main.c.obj
 .debug_macro   0x00014e85       0x3c CMakeFiles/DRONE_VSCODE.dir/Core/Src/main.c.obj
 .debug_macro   0x00014ec1       0x34 CMakeFiles/DRONE_VSCODE.dir/Core/Src/main.c.obj
 .debug_macro   0x00014ef5       0x16 CMakeFiles/DRONE_VSCODE.dir/Core/Src/main.c.obj
 .debug_macro   0x00014f0b       0x3c CMakeFiles/DRONE_VSCODE.dir/Core/Src/main.c.obj
 .debug_macro   0x00014f47      0x364 CMakeFiles/DRONE_VSCODE.dir/Core/Src/main.c.obj
 .debug_macro   0x000152ab       0x10 CMakeFiles/DRONE_VSCODE.dir/Core/Src/main.c.obj
 .debug_macro   0x000152bb       0x16 CMakeFiles/DRONE_VSCODE.dir/Core/Src/main.c.obj
 .debug_macro   0x000152d1       0x4a CMakeFiles/DRONE_VSCODE.dir/Core/Src/main.c.obj
 .debug_macro   0x0001531b       0x34 CMakeFiles/DRONE_VSCODE.dir/Core/Src/main.c.obj
 .debug_macro   0x0001534f       0x10 CMakeFiles/DRONE_VSCODE.dir/Core/Src/main.c.obj
 .debug_macro   0x0001535f       0x58 CMakeFiles/DRONE_VSCODE.dir/Core/Src/main.c.obj
 .debug_macro   0x000153b7      0x1e5 CMakeFiles/DRONE_VSCODE.dir/Core/Src/main.c.obj
 .debug_macro   0x0001559c       0x16 CMakeFiles/DRONE_VSCODE.dir/Core/Src/main.c.obj
 .debug_macro   0x000155b2       0x16 CMakeFiles/DRONE_VSCODE.dir/Core/Src/main.c.obj
 .debug_macro   0x000155c8      0x170 CMakeFiles/DRONE_VSCODE.dir/Core/Src/main.c.obj
 .debug_macro   0x00015738      0x1c4 CMakeFiles/DRONE_VSCODE.dir/Core/Src/stm32f4xx_it.c.obj
 .debug_macro   0x000158fc      0x1ba CMakeFiles/DRONE_VSCODE.dir/Core/Src/stm32f4xx_hal_msp.c.obj
 .debug_macro   0x00015ab6      0x1c9 CMakeFiles/DRONE_VSCODE.dir/Core/User/motor/motor.c.obj

.debug_line     0x00000000     0x4659
 .debug_line    0x00000000      0x646 cmake/stm32cubemx/CMakeFiles/STM32_Drivers.dir/__/__/Core/Src/system_stm32f4xx.c.obj
 .debug_line    0x00000646      0xcd1 cmake/stm32cubemx/CMakeFiles/STM32_Drivers.dir/__/__/Drivers/STM32F4xx_HAL_Driver/Src/stm32f4xx_hal_rcc.c.obj
 .debug_line    0x00001317      0xb92 cmake/stm32cubemx/CMakeFiles/STM32_Drivers.dir/__/__/Drivers/STM32F4xx_HAL_Driver/Src/stm32f4xx_hal_cortex.c.obj
 .debug_line    0x00001ea9      0x8c2 cmake/stm32cubemx/CMakeFiles/STM32_Drivers.dir/__/__/Drivers/STM32F4xx_HAL_Driver/Src/stm32f4xx_hal.c.obj
 .debug_line    0x0000276b      0xb39 CMakeFiles/DRONE_VSCODE.dir/Core/Src/main.c.obj
 .debug_line    0x000032a4      0x67f CMakeFiles/DRONE_VSCODE.dir/Core/Src/stm32f4xx_it.c.obj
 .debug_line    0x00003923      0x5d0 CMakeFiles/DRONE_VSCODE.dir/Core/Src/stm32f4xx_hal_msp.c.obj
 .debug_line    0x00003ef3       0x7a CMakeFiles/DRONE_VSCODE.dir/startup_stm32f411xe.s.obj
 .debug_line    0x00003f6d      0x6ec CMakeFiles/DRONE_VSCODE.dir/Core/User/motor/motor.c.obj

.debug_str      0x00000000    0x82c4a
 .debug_str     0x00000000    0x82c4a cmake/stm32cubemx/CMakeFiles/STM32_Drivers.dir/__/__/Core/Src/system_stm32f4xx.c.obj
                              0x7e330 (size before relaxing)
 .debug_str     0x00082c4a    0x7e764 cmake/stm32cubemx/CMakeFiles/STM32_Drivers.dir/__/__/Drivers/STM32F4xx_HAL_Driver/Src/stm32f4xx_hal_rcc.c.obj
 .debug_str     0x00082c4a    0x7eac6 cmake/stm32cubemx/CMakeFiles/STM32_Drivers.dir/__/__/Drivers/STM32F4xx_HAL_Driver/Src/stm32f4xx_hal_cortex.c.obj
 .debug_str     0x00082c4a    0x7ed5c cmake/stm32cubemx/CMakeFiles/STM32_Drivers.dir/__/__/Drivers/STM32F4xx_HAL_Driver/Src/stm32f4xx_hal.c.obj
 .debug_str     0x00082c4a    0x81b44 CMakeFiles/DRONE_VSCODE.dir/Core/Src/main.c.obj
 .debug_str     0x00082c4a    0x7e1f4 CMakeFiles/DRONE_VSCODE.dir/Core/Src/stm32f4xx_it.c.obj
 .debug_str     0x00082c4a    0x7e280 CMakeFiles/DRONE_VSCODE.dir/Core/Src/stm32f4xx_hal_msp.c.obj
 .debug_str     0x00082c4a       0x8e CMakeFiles/DRONE_VSCODE.dir/startup_stm32f411xe.s.obj
 .debug_str     0x00082c4a    0x7e67f CMakeFiles/DRONE_VSCODE.dir/Core/User/motor/motor.c.obj

.debug_line_str
                0x00000000      0x154
 .debug_line_str
                0x00000000      0x154 CMakeFiles/DRONE_VSCODE.dir/startup_stm32f411xe.s.obj
                                 0x72 (size before relaxing)
 .debug_line_str
                0x00000154       0xce C:/PROGRA~2/Arm GNU Toolchain arm-none-eabi/14.3 rel1/bin/../lib/gcc/arm-none-eabi/14.3.1/thumb/v7e-m+fp/hard\libgcc.a(_arm_addsubdf3.o)
 .debug_line_str
                0x00000154       0xce C:/PROGRA~2/Arm GNU Toolchain arm-none-eabi/14.3 rel1/bin/../lib/gcc/arm-none-eabi/14.3.1/thumb/v7e-m+fp/hard\libgcc.a(_arm_muldivdf3.o)
 .debug_line_str
                0x00000154       0xce C:/PROGRA~2/Arm GNU Toolchain arm-none-eabi/14.3 rel1/bin/../lib/gcc/arm-none-eabi/14.3.1/thumb/v7e-m+fp/hard\libgcc.a(_arm_fixunsdfsi.o)
 .debug_line_str
                0x00000154       0xc9 C:/PROGRA~2/Arm GNU Toolchain arm-none-eabi/14.3 rel1/bin/../lib/gcc/arm-none-eabi/14.3.1/thumb/v7e-m+fp/hard\libgcc.a(_aeabi_uldivmod.o)
 .debug_line_str
                0x00000154       0xcd C:/PROGRA~2/Arm GNU Toolchain arm-none-eabi/14.3 rel1/bin/../lib/gcc/arm-none-eabi/14.3.1/thumb/v7e-m+fp/hard\libgcc.a(_dvmd_tls.o)
