<html>
<body>
<pre>
<h1>µVision Build Log</h1>
<h2>Tool Versions:</h2>
IDE-Version: µVision V5.29.0.0
Copyright (C) 2019 ARM Ltd and ARM Germany GmbH. All rights reserved.
License Information: Nguyen Dat, UET, LIC=LSNXV-PSHIF-QDPKD-8SAE4-DWAZB-582E5
 
Tool Versions:
Toolchain:       MDK-ARM Plus  Version: 5.29.0.0
Toolchain Path:  C:\Keil_v5\ARM\ARMCC\Bin
C Compiler:      Armcc.exe V5.06 update 6 (build 750)
Assembler:       Armasm.exe V5.06 update 6 (build 750)
Linker/Locator:  ArmLink.exe V5.06 update 6 (build 750)
Library Manager: ArmAr.exe V5.06 update 6 (build 750)
Hex Converter:   FromElf.exe V5.06 update 6 (build 750)
CPU DLL:         SARMCM3.DLL V5.29.0.0
Dialog DLL:      DCM.DLL V1.17.3.0
Target DLL:      STLink\ST-LINKIII-KEIL_SWO.dll V3.0.7.0
Dialog DLL:      TCM.DLL V1.36.5.0
 
<h2>Project:</h2>
D:\CODE\STM32_IDE\STM32_MX\1_GPIO\MDK-ARM\1_GPIO.uvprojx
Project File Date:  07/09/2025

<h2>Output:</h2>
*** Using Compiler 'V5.06 update 6 (build 750)', folder: 'C:\Keil_v5\ARM\ARMCC\Bin'
Build target '1_GPIO'
compiling main.c...
../Core/Src/main.c(100): warning:  #188-D: enumerated type mixed with another type
  		HAL_GPIO_WritePin(GPIOD, GPIO_PIN_13, 1);
../Core/Src/main.c(102): warning:  #188-D: enumerated type mixed with another type
  		HAL_GPIO_WritePin(GPIOD, GPIO_PIN_13, 0);
../Core/Src/main.c: 2 warnings, 0 errors
linking...
Program Size: Code=3198 RO-data=458 RW-data=16 ZI-data=1632  
FromELF: creating hex file...
"1_GPIO\1_GPIO.axf" - 0 Error(s), 2 Warning(s).

<h2>Software Packages used:</h2>

Package Vendor: ARM
                http://www.keil.com/pack/ARM.CMSIS.5.6.0.pack
                ARM.CMSIS.5.6.0
                CMSIS (Cortex Microcontroller Software Interface Standard)
   * Component: CORE Version: 5.3.0

Package Vendor: Keil
                https://www.keil.com/pack/Keil.STM32F4xx_DFP.3.1.0.pack
                Keil.STM32F4xx_DFP.3.1.0
                STMicroelectronics STM32F4 Series Device Support

<h2>Collection of Component include folders:</h2>
  .\RTE\_1_GPIO
  C:\Users\sucut\AppData\Local\Arm\Packs\ARM\CMSIS\5.6.0\CMSIS\Core\Include

<h2>Collection of Component Files used:</h2>

   * Component: ARM::CMSIS:CORE:5.3.0
Build Time Elapsed:  00:00:01
</pre>
</body>
</html>
